Archive member included because of file (symbol)

d:/d.i.y/mios32_toolchain/bin/../lib/gcc/arm-none-eabi/4.7.4/armv7e-m\libgcc.a(_lshrdi3.o)
                              project_build//D/D.I.Y/MIOS32/trunk/modules/app_lcd/universal/app_lcd.o (__aeabi_llsr)
d:/d.i.y/mios32_toolchain/bin/../lib/gcc/arm-none-eabi/4.7.4/armv7e-m\libgcc.a(_ashldi3.o)
                              project_build//D/D.I.Y/MIOS32/trunk/modules/app_lcd/universal/app_lcd.o (__aeabi_llsl)
d:/d.i.y/mios32_toolchain/bin/../lib/gcc/arm-none-eabi/4.7.4/armv7e-m\libgcc.a(_arm_addsubdf3.o)
                              project_build//D/D.I.Y/MIOS32/trunk/modules/sequencer/seq_bpm.o (__aeabi_ui2d)
d:/d.i.y/mios32_toolchain/bin/../lib/gcc/arm-none-eabi/4.7.4/armv7e-m\libgcc.a(_arm_muldivdf3.o)
                              project_build//D/D.I.Y/MIOS32/trunk/mios32/common/mios32_osc.o (__aeabi_dmul)
d:/d.i.y/mios32_toolchain/bin/../lib/gcc/arm-none-eabi/4.7.4/armv7e-m\libgcc.a(_arm_fixdfsi.o)
                              project_build//D/D.I.Y/MIOS32/trunk/mios32/common/mios32_osc.o (__aeabi_d2iz)
d:/d.i.y/mios32_toolchain/bin/../lib/gcc/arm-none-eabi/4.7.4/armv7e-m\libgcc.a(_arm_truncdfsf2.o)
                              project_build//D/D.I.Y/MIOS32/trunk/modules/midimon/midimon.o (__aeabi_d2f)
d:/d.i.y/mios32_toolchain/bin/../lib/gcc/arm-none-eabi/4.7.4/armv7e-m\libgcc.a(_arm_addsubsf3.o)
                              project_build/src/mbng_event.o (__aeabi_ui2f)
d:/d.i.y/mios32_toolchain/bin/../lib/gcc/arm-none-eabi/4.7.4/armv7e-m\libgcc.a(_arm_muldivsf3.o)
                              project_build//D/D.I.Y/MIOS32/trunk/mios32/common/mios32_osc.o (__aeabi_fmul)
d:/d.i.y/mios32_toolchain/bin/../lib/gcc/arm-none-eabi/4.7.4/armv7e-m\libgcc.a(_arm_fixsfsi.o)
                              project_build/src/mbng_lcd.o (__aeabi_f2iz)
d:/d.i.y/mios32_toolchain/bin/../lib/gcc/arm-none-eabi/4.7.4/armv7e-m\libgcc.a(_arm_fixunssfsi.o)
                              project_build/src/mbng_event.o (__aeabi_f2uiz)
d:/d.i.y/mios32_toolchain/bin/../lib/gcc/arm-none-eabi/4.7.4/../../../../arm-none-eabi/lib/armv7e-m\libc_s.a(lib_a-atoi.o)
                              project_build//D/D.I.Y/MIOS32/trunk/modules/uip_task_standard/osc_server.o (atoi)
d:/d.i.y/mios32_toolchain/bin/../lib/gcc/arm-none-eabi/4.7.4/../../../../arm-none-eabi/lib/armv7e-m\libc_s.a(lib_a-ctype_.o)
                              project_build//D/D.I.Y/MIOS32/trunk/programming_models/traditional/strtol.o (__ctype_ptr__)
d:/d.i.y/mios32_toolchain/bin/../lib/gcc/arm-none-eabi/4.7.4/../../../../arm-none-eabi/lib/armv7e-m\libc_s.a(lib_a-init.o)
                              project_build//D/D.I.Y/MIOS32/trunk/programming_models/traditional/main.o (__libc_init_array)
d:/d.i.y/mios32_toolchain/bin/../lib/gcc/arm-none-eabi/4.7.4/../../../../arm-none-eabi/lib/armv7e-m\libc_s.a(lib_a-memcmp.o)
                              project_build//D/D.I.Y/MIOS32/trunk/modules/uip_task_standard/dhcpc.o (memcmp)
d:/d.i.y/mios32_toolchain/bin/../lib/gcc/arm-none-eabi/4.7.4/../../../../arm-none-eabi/lib/armv7e-m\libc_s.a(lib_a-memcpy.o)
                              project_build/src/mbng_event.o (memcpy)
d:/d.i.y/mios32_toolchain/bin/../lib/gcc/arm-none-eabi/4.7.4/../../../../arm-none-eabi/lib/armv7e-m\libc_s.a(lib_a-memmove.o)
                              project_build/src/mbng_event.o (memmove)
d:/d.i.y/mios32_toolchain/bin/../lib/gcc/arm-none-eabi/4.7.4/../../../../arm-none-eabi/lib/armv7e-m\libc_s.a(lib_a-memset.o)
                              project_build/src/mbng_patch.o (memset)
d:/d.i.y/mios32_toolchain/bin/../lib/gcc/arm-none-eabi/4.7.4/../../../../arm-none-eabi/lib/armv7e-m\libc_s.a(lib_a-puts.o)
                              project_build//D/D.I.Y/MIOS32/trunk/modules/uip/uip/psock.o (puts)
d:/d.i.y/mios32_toolchain/bin/../lib/gcc/arm-none-eabi/4.7.4/../../../../arm-none-eabi/lib/armv7e-m\libc_s.a(lib_a-stpcpy.o)
                              project_build//D/D.I.Y/MIOS32/trunk/mios32/common/mios32_osc.o (stpcpy)
d:/d.i.y/mios32_toolchain/bin/../lib/gcc/arm-none-eabi/4.7.4/../../../../arm-none-eabi/lib/armv7e-m\libc_s.a(lib_a-strcasecmp.o)
                              project_build/src/mbng_event.o (strcasecmp)
d:/d.i.y/mios32_toolchain/bin/../lib/gcc/arm-none-eabi/4.7.4/../../../../arm-none-eabi/lib/armv7e-m\libc_s.a(lib_a-strcat.o)
                              project_build/src/scs_config.o (strcat)
d:/d.i.y/mios32_toolchain/bin/../lib/gcc/arm-none-eabi/4.7.4/../../../../arm-none-eabi/lib/armv7e-m\libc_s.a(lib_a-strchr.o)
                              project_build//D/D.I.Y/MIOS32/trunk/modules/uip_task_standard/osc_server.o (strchr)
d:/d.i.y/mios32_toolchain/bin/../lib/gcc/arm-none-eabi/4.7.4/../../../../arm-none-eabi/lib/armv7e-m\libc_s.a(lib_a-strcmp.o)
                              project_build/src/mbng_file_l.o (strcmp)
[...]
Memory Configuration

Name             Origin             Length             Attributes
RAM              0x20000000         0x00030000         xrw
FLASH_SECTOR0    0x08000000         0x00004000         xr
FLASH_SECTOR1    0x08004000         0x00004000         xr
FLASH_SECTOR2    0x08008000         0x00004000         xr
FLASH_SECTOR3    0x0800c000         0x00004000         xr
FLASH            0x08010000         0x000f0000         xr
FLASHB1          0x00000000         0x00000000         xr
EXTMEMB0         0x00000000         0x00000000         xr
EXTMEMB1         0x00000000         0x00000000         xr
EXTMEMB2         0x00000000         0x00000000         xr
EXTMEMB3         0x00000000         0x00000000         xr
*default*        0x00000000         0xffffffff

Linker script and memory map

LOAD project_build/src/app.o
LOAD project_build/src/mbng_sysex.o
LOAD project_build/src/mbng_patch.o
LOAD project_build/src/mbng_event.o
LOAD project_build/src/mbng_din.o
LOAD project_build/src/mbng_dout.o
LOAD project_build/src/mbng_dio.o
LOAD project_build/src/mbng_enc.o
LOAD project_build/src/mbng_ain.o
LOAD project_build/src/mbng_ainser.o
LOAD project_build/src/mbng_kb.o
LOAD project_build/src/mbng_matrix.o
LOAD project_build/src/mbng_cv.o
LOAD project_build/src/mbng_mf.o
LOAD project_build/src/mbng_lcd.o
LOAD project_build/src/mbng_seq.o
LOAD project_build/src/mbng_file.o
LOAD project_build/src/mbng_file_c.o
LOAD project_build/src/mbng_file_l.o
LOAD project_build/src/mbng_file_s.o
LOAD project_build/src/mbng_file_r.o
LOAD project_build/src/terminal.o
LOAD project_build/src/scs_config.o
LOAD project_build//D/D.I.Y/MIOS32/trunk/programming_models/traditional/main.o
LOAD project_build//D/D.I.Y/MIOS32/trunk/programming_models/traditional/strtol.o
LOAD project_build//D/D.I.Y/MIOS32/trunk/FreeRTOS/Source/tasks.o
LOAD project_build//D/D.I.Y/MIOS32/trunk/FreeRTOS/Source/list.o
LOAD project_build//D/D.I.Y/MIOS32/trunk/FreeRTOS/Source/queue.o
LOAD project_build//D/D.I.Y/MIOS32/trunk/FreeRTOS/Source/timers.o
LOAD project_build//D/D.I.Y/MIOS32/trunk/FreeRTOS/Source/portable/GCC/ARM_CM3/port.o
LOAD project_build//D/D.I.Y/MIOS32/trunk/FreeRTOS/Source/portable/MemMang/umm_malloc.o
LOAD project_build//D/D.I.Y/MIOS32/trunk/programming_models/traditional/startup_stm32f4xx.o
LOAD project_build//D/D.I.Y/MIOS32/trunk/mios32/common/mios32_srio.o
LOAD project_build//D/D.I.Y/MIOS32/trunk/mios32/common/mios32_din.o
LOAD project_build//D/D.I.Y/MIOS32/trunk/mios32/common/mios32_dout.o
LOAD project_build//D/D.I.Y/MIOS32/trunk/mios32/common/mios32_enc.o
LOAD project_build//D/D.I.Y/MIOS32/trunk/mios32/common/mios32_lcd.o
LOAD project_build//D/D.I.Y/MIOS32/trunk/mios32/common/mios32_midi.o
LOAD project_build//D/D.I.Y/MIOS32/trunk/mios32/common/mios32_osc.o
LOAD project_build//D/D.I.Y/MIOS32/trunk/mios32/common/mios32_com.o
LOAD project_build//D/D.I.Y/MIOS32/trunk/mios32/common/mios32_uart_midi.o
LOAD project_build//D/D.I.Y/MIOS32/trunk/mios32/common/mios32_spi_midi.o
LOAD project_build//D/D.I.Y/MIOS32/trunk/mios32/common/mios32_iic_midi.o
LOAD project_build//D/D.I.Y/MIOS32/trunk/mios32/common/mios32_iic_bs.o
LOAD project_build//D/D.I.Y/MIOS32/trunk/mios32/common/mios32_mf.o
LOAD project_build//D/D.I.Y/MIOS32/trunk/mios32/common/mios32_sdcard.o
LOAD project_build//D/D.I.Y/MIOS32/trunk/mios32/common/mios32_enc28j60.o
LOAD project_build//D/D.I.Y/MIOS32/trunk/mios32/common/mios32_timestamp.o
LOAD project_build//D/D.I.Y/MIOS32/trunk/mios32/STM32F4xx/mios32_bsl.o
LOAD project_build//D/D.I.Y/MIOS32/trunk/mios32/STM32F4xx/mios32_sys.o
LOAD project_build//D/D.I.Y/MIOS32/trunk/mios32/STM32F4xx/mios32_irq.o
LOAD project_build//D/D.I.Y/MIOS32/trunk/mios32/STM32F4xx/mios32_spi.o
LOAD project_build//D/D.I.Y/MIOS32/trunk/mios32/STM32F4xx/mios32_i2s.o
LOAD project_build//D/D.I.Y/MIOS32/trunk/mios32/STM32F4xx/mios32_board.o
LOAD project_build//D/D.I.Y/MIOS32/trunk/mios32/STM32F4xx/mios32_timer.o
LOAD project_build//D/D.I.Y/MIOS32/trunk/mios32/STM32F4xx/mios32_stopwatch.o
LOAD project_build//D/D.I.Y/MIOS32/trunk/mios32/STM32F4xx/mios32_delay.o
LOAD project_build//D/D.I.Y/MIOS32/trunk/mios32/STM32F4xx/mios32_ain.o
LOAD project_build//D/D.I.Y/MIOS32/trunk/mios32/STM32F4xx/mios32_usb.o
LOAD project_build//D/D.I.Y/MIOS32/trunk/mios32/STM32F4xx/mios32_usb_midi.o
LOAD project_build//D/D.I.Y/MIOS32/trunk/mios32/STM32F4xx/mios32_usb_com.o
LOAD project_build//D/D.I.Y/MIOS32/trunk/mios32/STM32F4xx/mios32_uart.o
LOAD project_build//D/D.I.Y/MIOS32/trunk/mios32/STM32F4xx/mios32_iic.o
LOAD project_build//D/D.I.Y/MIOS32/trunk/mios32/common/printf-stdarg.o
LOAD project_build//D/D.I.Y/MIOS32/trunk/drivers/STM32F4xx/v1.1.0/STM32F4xx_StdPeriph_Driver/src/misc.o
LOAD project_build//D/D.I.Y/MIOS32/trunk/drivers/STM32F4xx/v1.1.0/STM32F4xx_StdPeriph_Driver/src/stm32f4xx_adc.o
LOAD project_build//D/D.I.Y/MIOS32/trunk/drivers/STM32F4xx/v1.1.0/STM32F4xx_StdPeriph_Driver/src/stm32f4xx_can.o
LOAD project_build//D/D.I.Y/MIOS32/trunk/drivers/STM32F4xx/v1.1.0/STM32F4xx_StdPeriph_Driver/src/stm32f4xx_crc.o
LOAD project_build//D/D.I.Y/MIOS32/trunk/drivers/STM32F4xx/v1.1.0/STM32F4xx_StdPeriph_Driver/src/stm32f4xx_cryp.o
LOAD project_build//D/D.I.Y/MIOS32/trunk/drivers/STM32F4xx/v1.1.0/STM32F4xx_StdPeriph_Driver/src/stm32f4xx_cryp_aes.o
LOAD project_build//D/D.I.Y/MIOS32/trunk/drivers/STM32F4xx/v1.1.0/STM32F4xx_StdPeriph_Driver/src/stm32f4xx_cryp_des.o
LOAD project_build//D/D.I.Y/MIOS32/trunk/drivers/STM32F4xx/v1.1.0/STM32F4xx_StdPeriph_Driver/src/stm32f4xx_cryp_tdes.o
LOAD project_build//D/D.I.Y/MIOS32/trunk/drivers/STM32F4xx/v1.1.0/STM32F4xx_StdPeriph_Driver/src/stm32f4xx_dac.o
LOAD project_build//D/D.I.Y/MIOS32/trunk/drivers/STM32F4xx/v1.1.0/STM32F4xx_StdPeriph_Driver/src/stm32f4xx_dbgmcu.o
LOAD project_build//D/D.I.Y/MIOS32/trunk/drivers/STM32F4xx/v1.1.0/STM32F4xx_StdPeriph_Driver/src/stm32f4xx_dcmi.o
LOAD project_build//D/D.I.Y/MIOS32/trunk/drivers/STM32F4xx/v1.1.0/STM32F4xx_StdPeriph_Driver/src/stm32f4xx_dma.o
LOAD project_build//D/D.I.Y/MIOS32/trunk/drivers/STM32F4xx/v1.1.0/STM32F4xx_StdPeriph_Driver/src/stm32f4xx_exti.o
LOAD project_build//D/D.I.Y/MIOS32/trunk/drivers/STM32F4xx/v1.1.0/STM32F4xx_StdPeriph_Driver/src/stm32f4xx_flash.o
LOAD project_build//D/D.I.Y/MIOS32/trunk/drivers/STM32F4xx/v1.1.0/STM32F4xx_StdPeriph_Driver/src/stm32f4xx_fsmc.o
LOAD project_build//D/D.I.Y/MIOS32/trunk/drivers/STM32F4xx/v1.1.0/STM32F4xx_StdPeriph_Driver/src/stm32f4xx_gpio.o
LOAD project_build//D/D.I.Y/MIOS32/trunk/drivers/STM32F4xx/v1.1.0/STM32F4xx_StdPeriph_Driver/src/stm32f4xx_hash.o
LOAD project_build//D/D.I.Y/MIOS32/trunk/drivers/STM32F4xx/v1.1.0/STM32F4xx_StdPeriph_Driver/src/stm32f4xx_hash_md5.o
LOAD project_build//D/D.I.Y/MIOS32/trunk/drivers/STM32F4xx/v1.1.0/STM32F4xx_StdPeriph_Driver/src/stm32f4xx_hash_sha1.o
LOAD project_build//D/D.I.Y/MIOS32/trunk/drivers/STM32F4xx/v1.1.0/STM32F4xx_StdPeriph_Driver/src/stm32f4xx_i2c.o
LOAD project_build//D/D.I.Y/MIOS32/trunk/drivers/STM32F4xx/v1.1.0/STM32F4xx_StdPeriph_Driver/src/stm32f4xx_iwdg.o
LOAD project_build//D/D.I.Y/MIOS32/trunk/drivers/STM32F4xx/v1.1.0/STM32F4xx_StdPeriph_Driver/src/stm32f4xx_pwr.o
LOAD project_build//D/D.I.Y/MIOS32/trunk/drivers/STM32F4xx/v1.1.0/STM32F4xx_StdPeriph_Driver/src/stm32f4xx_rcc.o
LOAD project_build//D/D.I.Y/MIOS32/trunk/drivers/STM32F4xx/v1.1.0/STM32F4xx_StdPeriph_Driver/src/stm32f4xx_rng.o
LOAD project_build//D/D.I.Y/MIOS32/trunk/drivers/STM32F4xx/v1.1.0/STM32F4xx_StdPeriph_Driver/src/stm32f4xx_rtc.o
LOAD project_build//D/D.I.Y/MIOS32/trunk/drivers/STM32F4xx/v1.1.0/STM32F4xx_StdPeriph_Driver/src/stm32f4xx_sdio.o
LOAD project_build//D/D.I.Y/MIOS32/trunk/drivers/STM32F4xx/v1.1.0/STM32F4xx_StdPeriph_Driver/src/stm32f4xx_spi.o
LOAD project_build//D/D.I.Y/MIOS32/trunk/drivers/STM32F4xx/v1.1.0/STM32F4xx_StdPeriph_Driver/src/stm32f4xx_syscfg.o
LOAD project_build//D/D.I.Y/MIOS32/trunk/drivers/STM32F4xx/v1.1.0/STM32F4xx_StdPeriph_Driver/src/stm32f4xx_tim.o
LOAD project_build//D/D.I.Y/MIOS32/trunk/drivers/STM32F4xx/v1.1.0/STM32F4xx_StdPeriph_Driver/src/stm32f4xx_usart.o
LOAD project_build//D/D.I.Y/MIOS32/trunk/drivers/STM32F4xx/v1.1.0/STM32F4xx_StdPeriph_Driver/src/stm32f4xx_wwdg.o
LOAD project_build//D/D.I.Y/MIOS32/trunk/drivers/STM32F4xx/v1.1.0/STM32_USB_Device_Library/Core/src/usbd_core.o
LOAD project_build//D/D.I.Y/MIOS32/trunk/drivers/STM32F4xx/v1.1.0/STM32_USB_Device_Library/Core/src/usbd_ioreq.o
LOAD project_build//D/D.I.Y/MIOS32/trunk/drivers/STM32F4xx/v1.1.0/STM32_USB_Device_Library/Core/src/usbd_req.o
LOAD project_build//D/D.I.Y/MIOS32/trunk/drivers/STM32F4xx/v1.1.0/STM32_USB_HOST_Library/Core/src/usbh_core.o
LOAD project_build//D/D.I.Y/MIOS32/trunk/drivers/STM32F4xx/v1.1.0/STM32_USB_HOST_Library/Core/src/usbh_hcs.o
LOAD project_build//D/D.I.Y/MIOS32/trunk/drivers/STM32F4xx/v1.1.0/STM32_USB_HOST_Library/Core/src/usbh_ioreq.o
LOAD project_build//D/D.I.Y/MIOS32/trunk/drivers/STM32F4xx/v1.1.0/STM32_USB_HOST_Library/Core/src/usbh_stdreq.o
LOAD project_build//D/D.I.Y/MIOS32/trunk/drivers/STM32F4xx/v1.1.0/STM32_USB_OTG_Driver/src/usb_core.o
LOAD project_build//D/D.I.Y/MIOS32/trunk/drivers/STM32F4xx/v1.1.0/STM32_USB_OTG_Driver/src/usb_dcd.o
LOAD project_build//D/D.I.Y/MIOS32/trunk/drivers/STM32F4xx/v1.1.0/STM32_USB_OTG_Driver/src/usb_dcd_int.o
LOAD project_build//D/D.I.Y/MIOS32/trunk/drivers/STM32F4xx/v1.1.0/STM32_USB_OTG_Driver/src/usb_hcd.o
LOAD project_build//D/D.I.Y/MIOS32/trunk/drivers/STM32F4xx/v1.1.0/STM32_USB_OTG_Driver/src/usb_hcd_int.o
LOAD project_build//D/D.I.Y/MIOS32/trunk/drivers/STM32F4xx/v1.1.0/STM32_USB_OTG_Driver/src/usb_otg.o
LOAD project_build//D/D.I.Y/MIOS32/trunk/modules/app_lcd/universal/app_lcd.o
LOAD project_build//D/D.I.Y/MIOS32/trunk/modules/glcd_font/glcd_font_normal.o
LOAD project_build//D/D.I.Y/MIOS32/trunk/modules/glcd_font/glcd_font_normal_inv.o
LOAD project_build//D/D.I.Y/MIOS32/trunk/modules/glcd_font/glcd_font_big.o
LOAD project_build//D/D.I.Y/MIOS32/trunk/modules/glcd_font/glcd_font_small.o
LOAD project_build//D/D.I.Y/MIOS32/trunk/modules/glcd_font/glcd_font_tiny.o
LOAD project_build//D/D.I.Y/MIOS32/trunk/modules/glcd_font/glcd_font_knob_icons.o
LOAD project_build//D/D.I.Y/MIOS32/trunk/modules/glcd_font/glcd_font_meter_icons_h.o
LOAD project_build//D/D.I.Y/MIOS32/trunk/modules/glcd_font/glcd_font_meter_icons_v.o
LOAD project_build//D/D.I.Y/MIOS32/trunk/modules/glcd_font/knob_48x48.o
LOAD project_build//D/D.I.Y/MIOS32/trunk/modules/glcd_font/fx_names1.o
LOAD project_build//D/D.I.Y/MIOS32/trunk/modules/midi_router/midi_router.o
LOAD project_build//D/D.I.Y/MIOS32/trunk/modules/midi_router/midi_port.o
LOAD project_build//D/D.I.Y/MIOS32/trunk/modules/midimon/midimon.o
LOAD project_build//D/D.I.Y/MIOS32/trunk/modules/uip/uip/uip.o
LOAD project_build//D/D.I.Y/MIOS32/trunk/modules/uip/uip/uip_arp.o
LOAD project_build//D/D.I.Y/MIOS32/trunk/modules/uip/uip/uiplib.o
LOAD project_build//D/D.I.Y/MIOS32/trunk/modules/uip/uip/psock.o
LOAD project_build//D/D.I.Y/MIOS32/trunk/modules/uip/uip/timer.o
LOAD project_build//D/D.I.Y/MIOS32/trunk/modules/uip/uip/uip-neighbor.o
LOAD project_build//D/D.I.Y/MIOS32/trunk/modules/uip/lib/memb.o
LOAD project_build//D/D.I.Y/MIOS32/trunk/modules/uip/mios32/clock-arch.o
LOAD project_build//D/D.I.Y/MIOS32/trunk/modules/uip/mios32/STM32F4xx/network-device.o
LOAD project_build//D/D.I.Y/MIOS32/trunk/modules/uip_task_standard/uip_task.o
LOAD project_build//D/D.I.Y/MIOS32/trunk/modules/uip_task_standard/dhcpc.o
LOAD project_build//D/D.I.Y/MIOS32/trunk/modules/uip_task_standard/osc_server.o
LOAD project_build//D/D.I.Y/MIOS32/trunk/modules/uip_task_standard/osc_client.o
LOAD project_build//D/D.I.Y/MIOS32/trunk/modules/uip_task_standard/uip_terminal.o
LOAD project_build//D/D.I.Y/MIOS32/trunk/modules/freertos_utils/freertos_utils.o
LOAD project_build//D/D.I.Y/MIOS32/trunk/modules/keyboard/keyboard.o
LOAD project_build//D/D.I.Y/MIOS32/trunk/modules/ainser/ainser.o
LOAD project_build//D/D.I.Y/MIOS32/trunk/modules/aout/aout.o
LOAD project_build//D/D.I.Y/MIOS32/trunk/modules/max72xx/max72xx.o
LOAD project_build//D/D.I.Y/MIOS32/trunk/modules/notestack/notestack.o
LOAD project_build//D/D.I.Y/MIOS32/trunk/modules/fatfs/src/diskio.o
LOAD project_build//D/D.I.Y/MIOS32/trunk/modules/fatfs/src/option/ccsbcs.o
LOAD project_build//D/D.I.Y/MIOS32/trunk/modules/fatfs/src/ff.o
LOAD project_build//D/D.I.Y/MIOS32/trunk/modules/file/file.o
LOAD project_build//D/D.I.Y/MIOS32/trunk/modules/md5/md5.o
LOAD project_build//D/D.I.Y/MIOS32/trunk/modules/sequencer/seq_bpm.o
LOAD project_build//D/D.I.Y/MIOS32/trunk/modules/sequencer/seq_midi_out.o
LOAD project_build//D/D.I.Y/MIOS32/trunk/modules/msd/STM32F4xx/msd.o
LOAD project_build//D/D.I.Y/MIOS32/trunk/modules/scs/scs.o
LOAD project_build//D/D.I.Y/MIOS32/trunk/modules/scs/scs_lcd.o
LOAD project_build//D/D.I.Y/MIOS32/trunk/programming_models/traditional/mini_cpp.o
LOAD project_build//D/D.I.Y/MIOS32/trunk/programming_models/traditional/freertos_heap.o
LOAD d:/d.i.y/mios32_toolchain/bin/../lib/gcc/arm-none-eabi/4.7.4/../../../../arm-none-eabi/lib/armv7e-m\libstdc++_s.a
START GROUP
LOAD d:/d.i.y/mios32_toolchain/bin/../lib/gcc/arm-none-eabi/4.7.4/armv7e-m\libgcc.a
LOAD d:/d.i.y/mios32_toolchain/bin/../lib/gcc/arm-none-eabi/4.7.4/../../../../arm-none-eabi/lib/armv7e-m\libc_s.a
END GROUP
                0x20020000                _estack = 0x20020000
                0x00000080                __Stack_Size = 0x80
                0x00000080                PROVIDE (_Stack_Size, __Stack_Size)
                0x2001ff80                __Stack_Init = (_estack - __Stack_Size)
                0x2001ff80                PROVIDE (_Stack_Init, __Stack_Init)
                0x00000100                _Minimum_Stack_Size = 0x100
                0x42000000                PERIPH_BB_BASE = 0x42000000
                0x22000000                SRAM_BB_BASE = 0x22000000
                0x20000000                SRAM_BASE = 0x20000000
                0x40000000                PERIPH_BASE = 0x40000000
                0x40022000                PROVIDE (FLASH_BASE, 0x40022000)
                0x1ffff800                PROVIDE (OB_BASE, 0x1ffff800)
                0x40000000                APB1PERIPH_BASE = PERIPH_BASE
                0x40010000                APB2PERIPH_BASE = (PERIPH_BASE + 0x10000)
                0x40020000                AHBPERIPH_BASE = (PERIPH_BASE + 0x20000)
                0x40000000                PROVIDE (TIM2, (APB1PERIPH_BASE + 0x0))
                0x40000400                PROVIDE (TIM3, (APB1PERIPH_BASE + 0x400))
                0x40000800                PROVIDE (TIM4, (APB1PERIPH_BASE + 0x800))
                0x40002800                PROVIDE (RTC, (APB1PERIPH_BASE + 0x2800))
                0x40002c00                PROVIDE (WWDG, (APB1PERIPH_BASE + 0x2c00))
                0x40003000                PROVIDE (IWDG, (APB1PERIPH_BASE + 0x3000))
                0x40003800                PROVIDE (SPI2, (APB1PERIPH_BASE + 0x3800))
                0x40004400                PROVIDE (USART2, (APB1PERIPH_BASE + 0x4400))
                0x40004800                PROVIDE (USART3, (APB1PERIPH_BASE + 0x4800))
                0x40005400                PROVIDE (I2C1, (APB1PERIPH_BASE + 0x5400))
                0x40005800                PROVIDE (I2C2, (APB1PERIPH_BASE + 0x5800))
                0x40006400                PROVIDE (CAN, (APB1PERIPH_BASE + 0x6400))
                0x40006c00                PROVIDE (BKP, (APB1PERIPH_BASE + 0x6c00))
                0x40007000                PROVIDE (PWR, (APB1PERIPH_BASE + 0x7000))
                0x40010000                PROVIDE (AFIO, (APB2PERIPH_BASE + 0x0))
                0x40010400                PROVIDE (EXTI, (APB2PERIPH_BASE + 0x400))
                0x40010800                PROVIDE (GPIOA, (APB2PERIPH_BASE + 0x800))
                0x40010c00                PROVIDE (GPIOB, (APB2PERIPH_BASE + 0xc00))
                0x40011000                PROVIDE (GPIOC, (APB2PERIPH_BASE + 0x1000))
                0x40011400                PROVIDE (GPIOD, (APB2PERIPH_BASE + 0x1400))
                0x40011800                PROVIDE (GPIOE, (APB2PERIPH_BASE + 0x1800))
                0x40012400                PROVIDE (ADC1, (APB2PERIPH_BASE + 0x2400))
                0x40012800                PROVIDE (ADC2, (APB2PERIPH_BASE + 0x2800))
                0x40012c00                PROVIDE (TIM1, (APB2PERIPH_BASE + 0x2c00))
                0x40013000                PROVIDE (SPI1, (APB2PERIPH_BASE + 0x3000))
                0x40013800                PROVIDE (USART1, (APB2PERIPH_BASE + 0x3800))
                0x40020000                PROVIDE (DMA, (AHBPERIPH_BASE + 0x0))
                0x40020008                PROVIDE (DMA_Channel1, (AHBPERIPH_BASE + 0x8))
                0x4002001c                PROVIDE (DMA_Channel2, (AHBPERIPH_BASE + 0x1c))
                0x40020030                PROVIDE (DMA_Channel3, (AHBPERIPH_BASE + 0x30))
                0x40020044                PROVIDE (DMA_Channel4, (AHBPERIPH_BASE + 0x44))
                0x40020058                PROVIDE (DMA_Channel5, (AHBPERIPH_BASE + 0x58))
                0x4002006c                PROVIDE (DMA_Channel6, (AHBPERIPH_BASE + 0x6c))
                0x40020080                PROVIDE (DMA_Channel7, (AHBPERIPH_BASE + 0x80))
                0x40021000                PROVIDE (RCC, (AHBPERIPH_BASE + 0x1000))
                0xe000e000                SCS_BASE = 0xe000e000
                0xe000e010                PROVIDE (SysTick, (SCS_BASE + 0x10))
                0xe000e100                PROVIDE (NVIC, (SCS_BASE + 0x100))
                0xe000ed00                PROVIDE (SCB, (SCS_BASE + 0xd00))

.mios32_bsl     0x08000000     0x4000
                0x08000000                . = ALIGN (0x4)
 *(.mios32_bsl)
 .mios32_bsl    0x08000000     0x4000 project_build//D/D.I.Y/MIOS32/trunk/mios32/STM32F4xx/mios32_bsl.o
                0x08000000                mios32_bsl_image
                0x08004000                . = ALIGN (0x4)

.isr_vector     0x08004000      0x188
                0x08004000                _mios32_sys_isr_vector = .
                0x08004000                . = ALIGN (0x4)
 *(.isr_vector)
 .isr_vector    0x08004000      0x188 project_build//D/D.I.Y/MIOS32/trunk/programming_models/traditional/startup_stm32f4xx.o
                0x08004000                g_pfnVectors
                0x08004188                . = ALIGN (0x4)
                0x08004000                PROVIDE (mios32_sys_isr_vector, _mios32_sys_isr_vector)

.flashtext      0x08010000        0x0
                0x08010000                . = ALIGN (0x4)
 *(.flashtext)
                0x08010000                . = ALIGN (0x4)

.text           0x08010000    0x2c318
                0x08010000                . = ALIGN (0x4)
 CREATE_OBJECT_SYMBOLS
 *(.text .text.* .gnu.linkonce.t.*)
 .text.APP_SRIO_ServiceFinish
                0x08010000       0x50 project_build/src/app.o
                0x08010000                APP_SRIO_ServiceFinish
 .text.APP_SYSEX_Parser
                0x08010050       0x26 project_build/src/app.o
                0x08010050                APP_SYSEX_Parser
 *fill*         0x08010076        0x2 00
 .text.APP_AINSER_NotifyChange
                0x08010078       0x14 project_build/src/app.o
 .text.NOTIFY_MIDI_TimeOut
                0x0801008c       0x20 project_build/src/app.o
 .text.NOTIFY_MIDI_Tx
                0x080100ac        0x4 project_build/src/app.o
 .text.NOTIFY_MIDI_Rx
                0x080100b0       0x16 project_build/src/app.o
 *fill*         0x080100c6        0x2 00
 .text.APP_Init
                0x080100c8      0x150 project_build/src/app.o
                0x080100c8                APP_Init
 .text.APP_Background
                0x08010218      0x310 project_build/src/app.o
                0x08010218                APP_Background
 .text.APP_Tick
                0x08010528       0x38 project_build/src/app.o
                0x08010528                APP_Tick
 .text.APP_MIDI_Tick
                0x08010560        0x4 project_build/src/app.o
                0x08010560                APP_MIDI_Tick
 .text.APP_MIDI_NotifyPackage
                0x08010564       0x60 project_build/src/app.o
                0x08010564                APP_MIDI_NotifyPackage
 .text.APP_SRIO_ServiceFinishBeforeDINCompare
                0x080105c4       0x74 project_build/src/app.o
                0x080105c4                APP_SRIO_ServiceFinishBeforeDINCompare
 .text.APP_DIN_NotifyToggle
                0x08010638       0x10 project_build/src/app.o
                0x08010638                APP_DIN_NotifyToggle
 .text.APP_ENC_NotifyChange
                0x08010648        0xe project_build/src/app.o
                0x08010648                APP_ENC_NotifyChange
 *fill*         0x08010656        0x2 00
 .text.APP_AIN_NotifyChange
                0x08010658       0x14 project_build/src/app.o
                0x08010658                APP_AIN_NotifyChange
 .text.TASK_MSD_EnableSet
                0x0801066c       0x30 project_build/src/app.o
                0x0801066c                TASK_MSD_EnableSet
 .text.TASK_MSD_EnableGet
                0x0801069c       0x14 project_build/src/app.o
                0x0801069c                TASK_MSD_EnableGet
 .text.TASK_MSD_FlagStrGet
                0x080106b0       0x48 project_build/src/app.o
                0x080106b0                TASK_MSD_FlagStrGet
 .text.APP_J16SemaphoreTake
                0x080106f8       0x28 project_build/src/app.o
                0x080106f8                APP_J16SemaphoreTake
 .text.APP_J16SemaphoreGive
                0x08010720       0x1c project_build/src/app.o
                0x08010720                APP_J16SemaphoreGive
 .text.APP_MUTEX_MIDIOUT_Take
                0x0801073c       0x1c project_build/src/app.o
                0x0801073c                APP_MUTEX_MIDIOUT_Take
 .text.APP_MUTEX_MIDIOUT_Give
                0x08010758       0x10 project_build/src/app.o
                0x08010758                APP_MUTEX_MIDIOUT_Give
 .text.APP_MUTEX_MIDIIN_Take
                0x08010768       0x18 project_build/src/app.o
                0x08010768                APP_MUTEX_MIDIIN_Take
 .text.APP_MUTEX_MIDIIN_Give
                0x08010780        0xc project_build/src/app.o
                0x08010780                APP_MUTEX_MIDIIN_Give
 .text.MBNG_SYSEX_Init
                0x0801078c       0x1c project_build/src/mbng_sysex.o
                0x0801078c                MBNG_SYSEX_Init
 .text.MBNG_SYSEX_SendAck
                0x080107a8       0x38 project_build/src/mbng_sysex.o
                0x080107a8                MBNG_SYSEX_SendAck
 .text.MBNG_SYSEX_Cmd.isra.2
                0x080107e0       0x44 project_build/src/mbng_sysex.o
 .text.MBNG_SYSEX_TimeOut
                0x08010824       0x30 project_build/src/mbng_sysex.o
                0x08010824                MBNG_SYSEX_TimeOut
 .text.MBNG_SYSEX_Parser
                0x08010854       0xa4 project_build/src/mbng_sysex.o
                0x08010854                MBNG_SYSEX_Parser
 .text.MBNG_PATCH_Init
                0x080108f8      0x1d8 project_build/src/mbng_patch.o
                0x080108f8                MBNG_PATCH_Init
 .text.MBNG_PATCH_Load
                0x08010ad0       0x4c project_build/src/mbng_patch.o
                0x08010ad0                MBNG_PATCH_Load
 .text.MBNG_PATCH_Store
                0x08010b1c       0x28 project_build/src/mbng_patch.o
                0x08010b1c                MBNG_PATCH_Store
 .text.MBNG_EVENT_ItemCopy2User
                0x08010b44      0x154 project_build/src/mbng_event.o
 .text.MBNG_EVENT_LCMeters_Update
                0x08010c98       0x60 project_build/src/mbng_event.o
 .text.MBNG_EVENT_ItemCalcPoolItemLen
                0x08010cf8       0x70 project_build/src/mbng_event.o
 .text.MBNG_EVENT_ItemCopy2Pool
                0x08010d68      0x1ae project_build/src/mbng_event.o
 *fill*         0x08010f16        0x2 00
 .text.MBNG_EVENT_Tick
                0x08010f18       0x9c project_build/src/mbng_event.o
                0x08010f18                MBNG_EVENT_Tick
 .text.MBNG_EVENT_PoolClear
                0x08010fb4       0x40 project_build/src/mbng_event.o
                0x08010fb4                MBNG_EVENT_PoolClear
 .text.MBNG_EVENT_PoolUpdate
                0x08010ff4       0x5c project_build/src/mbng_event.o
                0x08010ff4                MBNG_EVENT_PoolUpdate
 .text.MBNG_EVENT_PoolPrint
                0x08011050       0x14 project_build/src/mbng_event.o
                0x08011050                MBNG_EVENT_PoolPrint
 .text.MBNG_EVENT_PoolMapsPrint
                0x08011064       0x98 project_build/src/mbng_event.o
                0x08011064                MBNG_EVENT_PoolMapsPrint
 .text.MBNG_EVENT_PoolNumItemsGet
                0x080110fc        0xc project_build/src/mbng_event.o
                0x080110fc                MBNG_EVENT_PoolNumItemsGet
 .text.MBNG_EVENT_PoolNumMapsGet
                0x08011108        0xc project_build/src/mbng_event.o
                0x08011108                MBNG_EVENT_PoolNumMapsGet
 .text.MBNG_EVENT_PoolSizeGet
                0x08011114        0xc project_build/src/mbng_event.o
                0x08011114                MBNG_EVENT_PoolSizeGet
 .text.MBNG_EVENT_PoolMaxSizeGet
                0x08011120        0x6 project_build/src/mbng_event.o
                0x08011120                MBNG_EVENT_PoolMaxSizeGet
 *fill*         0x08011126        0x2 00
 .text.MBNG_EVENT_MapAdd
                0x08011128       0x4c project_build/src/mbng_event.o
                0x08011128                MBNG_EVENT_MapAdd
 .text.MBNG_EVENT_MapGet
                0x08011174       0x40 project_build/src/mbng_event.o
                0x08011174                MBNG_EVENT_MapGet
 .text.MBNG_EVENT_MapIxGet
                0x080111b4       0x32 project_build/src/mbng_event.o
                0x080111b4                MBNG_EVENT_MapIxGet
 *fill*         0x080111e6        0x2 00
 .text.MBNG_EVENT_SelectedBankGet
                0x080111e8        0xc project_build/src/mbng_event.o
                0x080111e8                MBNG_EVENT_SelectedBankGet
 .text.MBNG_EVENT_HwIdBankGet
                0x080111f4       0x40 project_build/src/mbng_event.o
                0x080111f4                MBNG_EVENT_HwIdBankGet
 .text.MBNG_EVENT_ItemNoDumpDefault
                0x08011234       0x5e project_build/src/mbng_event.o
                0x08011234                MBNG_EVENT_ItemNoDumpDefault
 .text.MBNG_EVENT_ItemInit
                0x08011292       0x9a project_build/src/mbng_event.o
                0x08011292                MBNG_EVENT_ItemInit
 .text.MBNG_EVENT_ItemGet
                0x0801132c       0x34 project_build/src/mbng_event.o
                0x0801132c                MBNG_EVENT_ItemGet
 .text.MBNG_EVENT_ItemAdd
                0x08011360       0x7c project_build/src/mbng_event.o
                0x08011360                MBNG_EVENT_ItemAdd
 .text.MBNG_EVENT_ItemModify
                0x080113dc       0xdc project_build/src/mbng_event.o
                0x080113dc                MBNG_EVENT_ItemModify
 .text.MBNG_EVENT_ItemSearchById
                0x080114b8       0x60 project_build/src/mbng_event.o
                0x080114b8                MBNG_EVENT_ItemSearchById
 .text.MBNG_EVENT_ItemSearchByHwId
                0x08011518       0x68 project_build/src/mbng_event.o
                0x08011518                MBNG_EVENT_ItemSearchByHwId
 .text.MBNG_EVENT_ItemRetrieveValues
                0x08011580       0x54 project_build/src/mbng_event.o
                0x08011580                MBNG_EVENT_ItemRetrieveValues
 .text.MBNG_EVENT_ItemCopyValueToPool
                0x080115d4       0x2c project_build/src/mbng_event.o
                0x080115d4                MBNG_EVENT_ItemCopyValueToPool
 .text.MBNG_EVENT_ItemSetNoDump
                0x08011600       0x24 project_build/src/mbng_event.o
                0x08011600                MBNG_EVENT_ItemSetNoDump
 .text.MBNG_EVENT_ItemSetLock
                0x08011624       0x18 project_build/src/mbng_event.o
                0x08011624                MBNG_EVENT_ItemSetLock
 .text.MBNG_EVENT_ItemCheckMatchingCondition
                0x0801163c       0xbc project_build/src/mbng_event.o
                0x0801163c                MBNG_EVENT_ItemCheckMatchingCondition
 .text.MBNG_EVENT_LCMeters_Init
                0x080116f8       0x28 project_build/src/mbng_event.o
                0x080116f8                MBNG_EVENT_LCMeters_Init
 .text.MBNG_EVENT_MidiLearnModeSet
                0x08011720       0x50 project_build/src/mbng_event.o
                0x08011720                MBNG_EVENT_MidiLearnModeSet
 .text.MBNG_EVENT_Init
                0x08011770      0x1c4 project_build/src/mbng_event.o
                0x08011770                MBNG_EVENT_Init
 .text.MBNG_EVENT_MidiLearnModeGet
                0x08011934        0xc project_build/src/mbng_event.o
                0x08011934                MBNG_EVENT_MidiLearnModeGet
 .text.MBNG_EVENT_MidiLearnStatusMsg
                0x08011940       0xa8 project_build/src/mbng_event.o
                0x08011940                MBNG_EVENT_MidiLearnStatusMsg
 .text.MBNG_EVENT_EventLearnIdSet
                0x080119e8       0x3c project_build/src/mbng_event.o
                0x080119e8                MBNG_EVENT_EventLearnIdSet
 .text.MBNG_EVENT_EventLearnIdGet
                0x08011a24        0xc project_build/src/mbng_event.o
                0x08011a24                MBNG_EVENT_EventLearnIdGet
 .text.MBNG_EVENT_ItemControllerStrGet
                0x08011a30       0xc0 project_build/src/mbng_event.o
                0x08011a30                MBNG_EVENT_ItemControllerStrGet
 .text.MBNG_EVENT_EventLearnIt
                0x08011af0      0x22c project_build/src/mbng_event.o
                0x08011af0                MBNG_EVENT_EventLearnIt
 .text.MBNG_EVENT_EventLearnStatusMsg
                0x08011d1c       0x98 project_build/src/mbng_event.o
                0x08011d1c                MBNG_EVENT_EventLearnStatusMsg
 .text.MBNG_EVENT_MidiLearnIt
                0x08011db4      0x2d0 project_build/src/mbng_event.o
                0x08011db4                MBNG_EVENT_MidiLearnIt
 .text.MBNG_EVENT_ItemIdFromControllerStrGet
                0x08012084      0x10c project_build/src/mbng_event.o
                0x08012084                MBNG_EVENT_ItemIdFromControllerStrGet
 .text.MBNG_EVENT_ItemTypeStrGet
                0x08012190       0x20 project_build/src/mbng_event.o
                0x08012190                MBNG_EVENT_ItemTypeStrGet
 .text.MBNG_EVENT_ItemTypeFromStrGet
                0x080121b0       0xdc project_build/src/mbng_event.o
                0x080121b0                MBNG_EVENT_ItemTypeFromStrGet
 .text.MBNG_EVENT_ItemConditionStrGet
                0x0801228c       0x20 project_build/src/mbng_event.o
                0x0801228c                MBNG_EVENT_ItemConditionStrGet
 .text.MBNG_EVENT_ItemConditionFromStrGet
                0x080122ac       0x98 project_build/src/mbng_event.o
                0x080122ac                MBNG_EVENT_ItemConditionFromStrGet
 .text.MBNG_EVENT_ItemButtonModeStrGet
                0x08012344       0x24 project_build/src/mbng_event.o
                0x08012344                MBNG_EVENT_ItemButtonModeStrGet
 .text.MBNG_EVENT_ItemButtonModeFromStrGet
                0x08012368       0x3c project_build/src/mbng_event.o
                0x08012368                MBNG_EVENT_ItemButtonModeFromStrGet
 .text.MBNG_EVENT_ItemAinModeStrGet
                0x080123a4       0x24 project_build/src/mbng_event.o
                0x080123a4                MBNG_EVENT_ItemAinModeStrGet
 .text.MBNG_EVENT_ItemAinModeFromStrGet
                0x080123c8       0x74 project_build/src/mbng_event.o
                0x080123c8                MBNG_EVENT_ItemAinModeFromStrGet
 .text.MBNG_EVENT_ItemAinSensorModeStrGet
                0x0801243c       0x1c project_build/src/mbng_event.o
                0x0801243c                MBNG_EVENT_ItemAinSensorModeStrGet
 .text.MBNG_EVENT_ItemAinSensorModeFromStrGet
                0x08012458       0x28 project_build/src/mbng_event.o
                0x08012458                MBNG_EVENT_ItemAinSensorModeFromStrGet
 .text.MBNG_EVENT_ItemEncModeStrGet
                0x08012480       0x1c project_build/src/mbng_event.o
                0x08012480                MBNG_EVENT_ItemEncModeStrGet
 .text.MBNG_EVENT_ItemEncModeFromStrGet
                0x0801249c       0x84 project_build/src/mbng_event.o
                0x0801249c                MBNG_EVENT_ItemEncModeFromStrGet
 .text.MBNG_EVENT_ItemEncSpeedModeStrGet
                0x08012520       0x24 project_build/src/mbng_event.o
                0x08012520                MBNG_EVENT_ItemEncSpeedModeStrGet
 .text.MBNG_EVENT_ItemEncSpeedModeFromStrGet
                0x08012544       0x50 project_build/src/mbng_event.o
                0x08012544                MBNG_EVENT_ItemEncSpeedModeFromStrGet
 .text.MBNG_EVENT_ItemLedMatrixPatternStrGet
                0x08012594       0x24 project_build/src/mbng_event.o
                0x08012594                MBNG_EVENT_ItemLedMatrixPatternStrGet
 .text.MBNG_EVENT_ItemLedMatrixPatternFromStrGet
                0x080125b8       0xf0 project_build/src/mbng_event.o
                0x080125b8                MBNG_EVENT_ItemLedMatrixPatternFromStrGet
 .text.MBNG_EVENT_ItemNrpnFormatStrGet
                0x080126a8       0x28 project_build/src/mbng_event.o
                0x080126a8                MBNG_EVENT_ItemNrpnFormatStrGet
 .text.MBNG_EVENT_ItemNrpnFormatFromStrGet
                0x080126d0       0x3c project_build/src/mbng_event.o
                0x080126d0                MBNG_EVENT_ItemNrpnFormatFromStrGet
 .text.MBNG_EVENT_ItemSysExVarStrGet
                0x0801270c       0x28 project_build/src/mbng_event.o
                0x0801270c                MBNG_EVENT_ItemSysExVarStrGet
 .text.MBNG_EVENT_ItemSysExVarFromStrGet
                0x08012734      0x1a4 project_build/src/mbng_event.o
                0x08012734                MBNG_EVENT_ItemSysExVarFromStrGet
 .text.MBNG_EVENT_ItemMetaTypeStrGet
                0x080128d8       0x1c project_build/src/mbng_event.o
                0x080128d8                MBNG_EVENT_ItemMetaTypeStrGet
 .text.MBNG_EVENT_ItemMetaTypeFromStrGet
                0x080128f4      0x454 project_build/src/mbng_event.o
                0x080128f4                MBNG_EVENT_ItemMetaTypeFromStrGet
 .text.MBNG_EVENT_ItemMetaNumBytesGet
                0x08012d48       0x18 project_build/src/mbng_event.o
                0x08012d48                MBNG_EVENT_ItemMetaNumBytesGet
 .text.MBNG_EVENT_ItemPrint
                0x08012d60      0x5d0 project_build/src/mbng_event.o
                0x08012d60                MBNG_EVENT_ItemPrint
 .text.MBNG_EVENT_ItemSearchByHwIdAndPrint
                0x08013330       0x44 project_build/src/mbng_event.o
                0x08013330                MBNG_EVENT_ItemSearchByHwIdAndPrint
 .text.MBNG_EVENT_ItemSearchByIdAndPrint
                0x08013374       0x44 project_build/src/mbng_event.o
                0x08013374                MBNG_EVENT_ItemSearchByIdAndPrint
 .text.MBNG_EVENT_PoolItemsPrint
                0x080133b8       0x54 project_build/src/mbng_event.o
                0x080133b8                MBNG_EVENT_PoolItemsPrint
 .text.MBNG_EVENT_SendOptimizedNRPN
                0x0801340c      0x148 project_build/src/mbng_event.o
                0x0801340c                MBNG_EVENT_SendOptimizedNRPN
 .text.MBNG_EVENT_SendSysExStream
                0x08013554      0x194 project_build/src/mbng_event.o
                0x08013554                MBNG_EVENT_SendSysExStream
 .text.MBNG_EVENT_UpdateLCD
                0x080136e8       0x80 project_build/src/mbng_event.o
                0x080136e8                MBNG_EVENT_UpdateLCD
 .text.MBNG_EVENT_Dump
                0x08013768       0x5c project_build/src/mbng_event.o
                0x08013768                MBNG_EVENT_Dump
 .text.MBNG_EVENT_ExecMeta
                0x080137c4      0x404 project_build/src/mbng_event.o
                0x080137c4                MBNG_EVENT_ExecMeta
 .text.MBNG_EVENT_ItemSend
                0x08013bc8      0x268 project_build/src/mbng_event.o
                0x08013bc8                MBNG_EVENT_ItemSend
 .text.MBNG_EVENT_ItemForwardToRadioGroup
                0x08013e30      0x110 project_build/src/mbng_event.o
                0x08013e30                MBNG_EVENT_ItemForwardToRadioGroup
 .text.MBNG_EVENT_ItemReceive
                0x08013f40      0x270 project_build/src/mbng_event.o
                0x08013f40                MBNG_EVENT_ItemReceive
 .text.MBNG_EVENT_NotifySyxDump
                0x080141b0       0x5c project_build/src/mbng_event.o
 .text.MBNG_EVENT_Refresh
                0x0801420c       0x58 project_build/src/mbng_event.o
                0x0801420c                MBNG_EVENT_Refresh
 .text.MBNG_EVENT_SelectedBankSet
                0x08014264       0x54 project_build/src/mbng_event.o
                0x08014264                MBNG_EVENT_SelectedBankSet
 .text.MBNG_EVENT_ItemSendVirtual
                0x080142b8       0x74 project_build/src/mbng_event.o
                0x080142b8                MBNG_EVENT_ItemSendVirtual
 .text.MBNG_EVENT_ItemForward
                0x0801432c       0xc4 project_build/src/mbng_event.o
                0x0801432c                MBNG_EVENT_ItemForward
 .text.MBNG_EVENT_ItemSetActive
                0x080143f0       0x4c project_build/src/mbng_event.o
                0x080143f0                MBNG_EVENT_ItemSetActive
 .text.MBNG_EVENT_HwIdBankSet
                0x0801443c       0x70 project_build/src/mbng_event.o
                0x0801443c                MBNG_EVENT_HwIdBankSet
 .text.MBNG_EVENT_NotifySendValue
                0x080144ac       0xdc project_build/src/mbng_event.o
                0x080144ac                MBNG_EVENT_NotifySendValue
 .text.MBNG_EVENT_MIDI_NotifyPackage
                0x08014588      0x5b0 project_build/src/mbng_event.o
                0x08014588                MBNG_EVENT_MIDI_NotifyPackage
 .text.MBNG_EVENT_ReceiveSysEx
                0x08014b38      0x368 project_build/src/mbng_event.o
                0x08014b38                MBNG_EVENT_ReceiveSysEx
 .text.MBNG_DIN_Init
                0x08014ea0        0xc project_build/src/mbng_din.o
                0x08014ea0                MBNG_DIN_Init
 .text.MBNG_DIN_NotifyToggle
                0x08014eac      0x15c project_build/src/mbng_din.o
                0x08014eac                MBNG_DIN_NotifyToggle
 .text.MBNG_DIN_NotifyReceivedValue
                0x08015008       0x28 project_build/src/mbng_din.o
                0x08015008                MBNG_DIN_NotifyReceivedValue
 .text.MBNG_DOUT_Init
                0x08015030       0x20 project_build/src/mbng_dout.o
                0x08015030                MBNG_DOUT_Init
 .text.MBNG_DOUT_NotifyReceivedValue
                0x08015050      0x1d4 project_build/src/mbng_dout.o
                0x08015050                MBNG_DOUT_NotifyReceivedValue
 .text.MBNG_DIO_Init
                0x08015224        0xc project_build/src/mbng_dio.o
                0x08015224                MBNG_DIO_Init
 .text.MBNG_DIO_PortNameGet
                0x08015230       0x2c project_build/src/mbng_dio.o
                0x08015230                MBNG_DIO_PortNameGet
 .text.MBNG_DIO_PortInit
                0x0801525c       0x38 project_build/src/mbng_dio.o
                0x0801525c                MBNG_DIO_PortInit
 .text.MBNG_DIO_PortGet
                0x08015294       0x1a project_build/src/mbng_dio.o
                0x08015294                MBNG_DIO_PortGet
 .text.MBNG_DIO_PortSet
                0x080152ae       0x22 project_build/src/mbng_dio.o
                0x080152ae                MBNG_DIO_PortSet
 .text.MBNG_ENC_Init
                0x080152d0       0x54 project_build/src/mbng_enc.o
                0x080152d0                MBNG_ENC_Init
 .text.MBNG_ENC_FastModeSet
                0x08015324        0xc project_build/src/mbng_enc.o
                0x08015324                MBNG_ENC_FastModeSet
 .text.MBNG_ENC_AutoSpeed
                0x08015330       0xbc project_build/src/mbng_enc.o
                0x08015330                MBNG_ENC_AutoSpeed
 .text.MBNG_ENC_NotifyChange
                0x080153ec      0x1ac project_build/src/mbng_enc.o
                0x080153ec                MBNG_ENC_NotifyChange
 .text.MBNG_ENC_NotifyReceivedValue
                0x08015598       0x28 project_build/src/mbng_enc.o
                0x08015598                MBNG_ENC_NotifyReceivedValue
 .text.MBNG_AIN_Init
                0x080155c0       0x28 project_build/src/mbng_ain.o
                0x080155c0                MBNG_AIN_Init
 .text.MBNG_AIN_HandleCalibration
                0x080155e8       0x88 project_build/src/mbng_ain.o
                0x080155e8                MBNG_AIN_HandleCalibration
 .text.MBNG_AIN_HandleAinMode
                0x08015670      0x1dc project_build/src/mbng_ain.o
                0x08015670                MBNG_AIN_HandleAinMode
 .text.MBNG_AIN_NotifyChange
                0x0801584c      0x144 project_build/src/mbng_ain.o
                0x0801584c                MBNG_AIN_NotifyChange
 .text.MBNG_AIN_Periodic
                0x08015990       0x34 project_build/src/mbng_ain.o
                0x08015990                MBNG_AIN_Periodic
 .text.MBNG_AIN_NotifyReceivedValue
                0x080159c4       0x28 project_build/src/mbng_ain.o
                0x080159c4                MBNG_AIN_NotifyReceivedValue
 .text.MBNG_AINSER_Init
                0x080159ec        0xc project_build/src/mbng_ainser.o
                0x080159ec                MBNG_AINSER_Init
 .text.MBNG_AINSER_NotifyChange
                0x080159f8      0x128 project_build/src/mbng_ainser.o
                0x080159f8                MBNG_AINSER_NotifyChange
 .text.MBNG_AINSER_NotifyReceivedValue
                0x08015b20       0x28 project_build/src/mbng_ainser.o
                0x08015b20                MBNG_AINSER_NotifyReceivedValue
 .text.MBNG_KB_Init
                0x08015b48       0x48 project_build/src/mbng_kb.o
                0x08015b48                MBNG_KB_Init
 .text.MBNG_KB_NotifyToggle
                0x08015b90      0x15c project_build/src/mbng_kb.o
                0x08015b90                MBNG_KB_NotifyToggle
 .text.MBNG_KB_NotifyReceivedValue
                0x08015cec       0x28 project_build/src/mbng_kb.o
                0x08015cec                MBNG_KB_NotifyReceivedValue
 .text.MBNG_KB_BreakIsMakeSet
                0x08015d14       0x28 project_build/src/mbng_kb.o
                0x08015d14                MBNG_KB_BreakIsMakeSet
 .text.Hlp_DOUT_PatternTransfer
                0x08015d3c      0x150 project_build/src/mbng_matrix.o
 .text.MBNG_MATRIX_Init
                0x08015e8c       0xa8 project_build/src/mbng_matrix.o
                0x08015e8c                MBNG_MATRIX_Init
 .text.MBNG_MATRIX_LedMatrixChanged
                0x08015f34      0x134 project_build/src/mbng_matrix.o
                0x08015f34                MBNG_MATRIX_LedMatrixChanged
 .text.MBNG_MATRIX_ButtonMatrixChanged
                0x08016068       0xb0 project_build/src/mbng_matrix.o
                0x08016068                MBNG_MATRIX_ButtonMatrixChanged
 .text.MBNG_MATRIX_SRIO_ParametersChanged
                0x08016118       0x22 project_build/src/mbng_matrix.o
                0x08016118                MBNG_MATRIX_SRIO_ParametersChanged
 *fill*         0x0801613a        0x2 00
 .text.MBNG_MATRIX_PatternSet
                0x0801613c       0x28 project_build/src/mbng_matrix.o
                0x0801613c                MBNG_MATRIX_PatternSet
 .text.MBNG_MATRIX_PatternGet
                0x08016164       0x20 project_build/src/mbng_matrix.o
                0x08016164                MBNG_MATRIX_PatternGet
 .text.MBNG_MATRIX_LcMeterPatternSet
                0x08016184       0x18 project_build/src/mbng_matrix.o
                0x08016184                MBNG_MATRIX_LcMeterPatternSet
 .text.MBNG_MATRIX_LcMeterPatternGet
                0x0801619c       0x14 project_build/src/mbng_matrix.o
                0x0801619c                MBNG_MATRIX_LcMeterPatternGet
 .text.MBNG_MATRIX_DOUT_PinSet
                0x080161b0      0x164 project_build/src/mbng_matrix.o
                0x080161b0                MBNG_MATRIX_DOUT_PinSet
 .text.MBNG_MATRIX_DOUT_PatternSet
                0x08016314       0x40 project_build/src/mbng_matrix.o
                0x08016314                MBNG_MATRIX_DOUT_PatternSet
 .text.MBNG_MATRIX_DOUT_PatternSet_LC
                0x08016354       0x40 project_build/src/mbng_matrix.o
                0x08016354                MBNG_MATRIX_DOUT_PatternSet_LC
 .text.MBNG_MATRIX_DOUT_PatternSet_LCMeter
                0x08016394       0x2c project_build/src/mbng_matrix.o
                0x08016394                MBNG_MATRIX_DOUT_PatternSet_LCMeter
 .text.MBNG_MATRIX_DOUT_PatternSet_Digit
                0x080163c0       0x38 project_build/src/mbng_matrix.o
                0x080163c0                MBNG_MATRIX_DOUT_PatternSet_Digit
 .text.MBNG_MATRIX_GetRow
                0x080163f8      0x140 project_build/src/mbng_matrix.o
                0x080163f8                MBNG_MATRIX_GetRow
 .text.MBNG_MATRIX_ButtonHandler
                0x08016538      0x15c project_build/src/mbng_matrix.o
                0x08016538                MBNG_MATRIX_ButtonHandler
 .text.MBNG_MATRIX_MAX72xx_Update
                0x08016694       0x94 project_build/src/mbng_matrix.o
                0x08016694                MBNG_MATRIX_MAX72xx_Update
 .text.MBNG_MATRIX_DIN_NotifyReceivedValue
                0x08016728       0x28 project_build/src/mbng_matrix.o
                0x08016728                MBNG_MATRIX_DIN_NotifyReceivedValue
 .text.MBNG_MATRIX_DOUT_NotifyReceivedValue
                0x08016750      0x350 project_build/src/mbng_matrix.o
                0x08016750                MBNG_MATRIX_DOUT_NotifyReceivedValue
 .text.MBNG_CV_PinSet
                0x08016aa0       0x4c project_build/src/mbng_cv.o
 .text.MBNG_CV_Update
                0x08016aec        0xa project_build/src/mbng_cv.o
                0x08016aec                MBNG_CV_Update
 .text.MBNG_CV_PitchRangeSet
                0x08016af6        0x4 project_build/src/mbng_cv.o
                0x08016af6                MBNG_CV_PitchRangeSet
 .text.MBNG_CV_PitchSet
                0x08016afa        0x4 project_build/src/mbng_cv.o
                0x08016afa                MBNG_CV_PitchSet
 *fill*         0x08016afe        0x2 00
 .text.MBNG_CV_TransposeOctaveSet
                0x08016b00       0x28 project_build/src/mbng_cv.o
                0x08016b00                MBNG_CV_TransposeOctaveSet
 .text.MBNG_CV_TransposeSemitonesSet
                0x08016b28       0x28 project_build/src/mbng_cv.o
                0x08016b28                MBNG_CV_TransposeSemitonesSet
 .text.MBNG_CV_NotifyReceivedValue
                0x08016b50      0x1a8 project_build/src/mbng_cv.o
                0x08016b50                MBNG_CV_NotifyReceivedValue
 .text.MBNG_CV_ResetAllChannels
                0x08016cf8       0x68 project_build/src/mbng_cv.o
                0x08016cf8                MBNG_CV_ResetAllChannels
 .text.MBNG_CV_Init
                0x08016d60       0x14 project_build/src/mbng_cv.o
                0x08016d60                MBNG_CV_Init
 .text.MBNG_MF_Init
                0x08016d74       0x60 project_build/src/mbng_mf.o
                0x08016d74                MBNG_MF_Init
 .text.MBNG_MF_MIDI_NotifyPackage
                0x08016dd4      0x254 project_build/src/mbng_mf.o
                0x08016dd4                MBNG_MF_MIDI_NotifyPackage
 .text.MBNG_MF_ReceiveSysEx
                0x08017028       0xac project_build/src/mbng_mf.o
                0x08017028                MBNG_MF_ReceiveSysEx
 .text.MBNG_MF_NotifyReceivedValue
                0x080170d4       0xf8 project_build/src/mbng_mf.o
                0x080170d4                MBNG_MF_NotifyReceivedValue
 .text.MBNG_LCD_StreamFormattedString
                0x080171cc       0x34 project_build/src/mbng_lcd.o
 .text.MBNG_LCD_Clear
                0x08017200       0x48 project_build/src/mbng_lcd.o
                0x08017200                MBNG_LCD_Clear
 .text.MBNG_LCD_FontInit
                0x08017248       0xb0 project_build/src/mbng_lcd.o
                0x08017248                MBNG_LCD_FontInit
 .text.MBNG_LCD_FontGet
                0x080172f8        0xc project_build/src/mbng_lcd.o
                0x080172f8                MBNG_LCD_FontGet
 .text.MBNG_LCD_CursorSet
                0x08017304      0x108 project_build/src/mbng_lcd.o
                0x08017304                MBNG_LCD_CursorSet
 .text.MBNG_LCD_PrintChar
                0x0801740c       0xec project_build/src/mbng_lcd.o
                0x0801740c                MBNG_LCD_PrintChar
 .text.MBNG_LCD_PrintString
                0x080174f8       0x34 project_build/src/mbng_lcd.o
                0x080174f8                MBNG_LCD_PrintString
 .text.MBNG_LCD_PrintFormattedString
                0x0801752c       0x24 project_build/src/mbng_lcd.o
                0x0801752c                MBNG_LCD_PrintFormattedString
 .text.MBNG_LCD_PrintSpaces
                0x08017550       0x18 project_build/src/mbng_lcd.o
                0x08017550                MBNG_LCD_PrintSpaces
 .text.MBNG_LCD_ClearScreenOnNextMessage
                0x08017568        0xc project_build/src/mbng_lcd.o
                0x08017568                MBNG_LCD_ClearScreenOnNextMessage
 .text.MBNG_LCD_PrintItemLabel
                0x08017574      0x730 project_build/src/mbng_lcd.o
                0x08017574                MBNG_LCD_PrintItemLabel
 .text.MBNG_LCD_SpecialCharsInit
                0x08017ca4       0x64 project_build/src/mbng_lcd.o
                0x08017ca4                MBNG_LCD_SpecialCharsInit
 .text.MBNG_LCD_Init
                0x08017d08       0xec project_build/src/mbng_lcd.o
                0x08017d08                MBNG_LCD_Init
 .text.MBNG_LCD_SpecialCharsReInit
                0x08017df4       0x10 project_build/src/mbng_lcd.o
                0x08017df4                MBNG_LCD_SpecialCharsReInit
 .text.MBNG_SEQ_Reset
                0x08017e04       0x18 project_build/src/mbng_seq.o
                0x08017e04                MBNG_SEQ_Reset
 .text.MBNG_SEQ_Handler
                0x08017e1c       0xa0 project_build/src/mbng_seq.o
                0x08017e1c                MBNG_SEQ_Handler
 .text.MBNG_SEQ_Init
                0x08017ebc       0x2c project_build/src/mbng_seq.o
                0x08017ebc                MBNG_SEQ_Init
 .text.MBNG_SEQ_PauseEnabled
                0x08017ee8        0xc project_build/src/mbng_seq.o
                0x08017ee8                MBNG_SEQ_PauseEnabled
 .text.MBNG_SEQ_PlayButton
                0x08017ef4       0x28 project_build/src/mbng_seq.o
                0x08017ef4                MBNG_SEQ_PlayButton
 .text.MBNG_SEQ_StopButton
                0x08017f1c       0x20 project_build/src/mbng_seq.o
                0x08017f1c                MBNG_SEQ_StopButton
 .text.MBNG_SEQ_PauseButton
                0x08017f3c       0x34 project_build/src/mbng_seq.o
                0x08017f3c                MBNG_SEQ_PauseButton
 .text.MBNG_SEQ_PlayStopButton
                0x08017f70       0x16 project_build/src/mbng_seq.o
                0x08017f70                MBNG_SEQ_PlayStopButton
 *fill*         0x08017f86        0x2 00
 .text.MBNG_FILE_Init
                0x08017f88       0x3c project_build/src/mbng_file.o
                0x08017f88                MBNG_FILE_Init
 .text.MBNG_FILE_LoadAllFiles
                0x08017fc4       0x34 project_build/src/mbng_file.o
                0x08017fc4                MBNG_FILE_LoadAllFiles
 .text.MBNG_FILE_UnloadAllFiles
                0x08017ff8       0x1c project_build/src/mbng_file.o
                0x08017ff8                MBNG_FILE_UnloadAllFiles
 .text.MBNG_FILE_CreateDefaultFiles
                0x08018014       0xa8 project_build/src/mbng_file.o
                0x08018014                MBNG_FILE_CreateDefaultFiles
 .text.MBNG_FILE_StatusMsgSet
                0x080180bc       0x2c project_build/src/mbng_file.o
                0x080180bc                MBNG_FILE_StatusMsgSet
 .text.MBNG_FILE_StatusMsgGet
                0x080180e8       0x14 project_build/src/mbng_file.o
                0x080180e8                MBNG_FILE_StatusMsgGet
 .text.remove_quotes
                0x080180fc       0x26 project_build/src/mbng_file_c.o
 *fill*         0x08018122        0x2 00
 .text.MBNG_FILE_C_Write_Hlp
                0x08018124     0x1eb0 project_build/src/mbng_file_c.o
 .text.parseExtendedParameter
                0x08019fd4      0x144 project_build/src/mbng_file_c.o
 .text.get_dec  0x0801a118       0x20 project_build/src/mbng_file_c.o
 .text.get_ip   0x0801a138       0x50 project_build/src/mbng_file_c.o
 .text.parseMidiInPort
                0x0801a188       0x74 project_build/src/mbng_file_c.o
 .text.parseMidiOutPort
                0x0801a1fc       0x74 project_build/src/mbng_file_c.o
 .text.parseSimpleValue.isra.0
                0x0801a270       0x3c project_build/src/mbng_file_c.o
 .text.get_bin.constprop.1
                0x0801a2ac       0x26 project_build/src/mbng_file_c.o
 *fill*         0x0801a2d2        0x2 00
 .text.MBNG_FILE_C_Init
                0x0801a2d4       0x14 project_build/src/mbng_file_c.o
                0x0801a2d4                MBNG_FILE_C_Init
 .text.MBNG_FILE_C_Unload
                0x0801a2e8       0x14 project_build/src/mbng_file_c.o
                0x0801a2e8                MBNG_FILE_C_Unload
 .text.MBNG_FILE_C_Valid
                0x0801a2fc       0x10 project_build/src/mbng_file_c.o
                0x0801a2fc                MBNG_FILE_C_Valid
 .text.parseEvent
                0x0801a30c     0x11ec project_build/src/mbng_file_c.o
                0x0801a30c                parseEvent
 .text.parseMap
                0x0801b4f8       0x98 project_build/src/mbng_file_c.o
                0x0801b4f8                parseMap
 .text.parseSysExVar
                0x0801b590      0x12c project_build/src/mbng_file_c.o
                0x0801b590                parseSysExVar
 .text.parseEnc
                0x0801b6bc      0x238 project_build/src/mbng_file_c.o
                0x0801b6bc                parseEnc
 .text.parseDinMatrix
                0x0801b8f4      0x27c project_build/src/mbng_file_c.o
                0x0801b8f4                parseDinMatrix
 .text.parseDoutMatrix
                0x0801bb70      0x3fc project_build/src/mbng_file_c.o
                0x0801bb70                parseDoutMatrix
 .text.parseKeyboard
                0x0801bf6c      0x370 project_build/src/mbng_file_c.o
                0x0801bf6c                parseKeyboard
 .text.parseLedMatrixPattern
                0x0801c2dc      0x114 project_build/src/mbng_file_c.o
                0x0801c2dc                parseLedMatrixPattern
 .text.parseLcMeterPattern
                0x0801c3f0       0xb4 project_build/src/mbng_file_c.o
                0x0801c3f0                parseLcMeterPattern
 .text.parseAin
                0x0801c4a4      0x1c0 project_build/src/mbng_file_c.o
                0x0801c4a4                parseAin
 .text.parseAinSer
                0x0801c664      0x304 project_build/src/mbng_file_c.o
                0x0801c664                parseAinSer
 .text.parseMf  0x0801c968      0x1e4 project_build/src/mbng_file_c.o
                0x0801c968                parseMf
 .text.parseAout
                0x0801cb4c      0x11c project_build/src/mbng_file_c.o
                0x0801cb4c                parseAout
 .text.parseDio
                0x0801cc68      0x19c project_build/src/mbng_file_c.o
                0x0801cc68                parseDio
 .text.parseScs
                0x0801ce04      0x234 project_build/src/mbng_file_c.o
                0x0801ce04                parseScs
 .text.parseSrio
                0x0801d038       0xb8 project_build/src/mbng_file_c.o
                0x0801d038                parseSrio
 .text.parseRouter
                0x0801d0f0      0x148 project_build/src/mbng_file_c.o
                0x0801d0f0                parseRouter
 .text.parseEth
                0x0801d238      0x104 project_build/src/mbng_file_c.o
                0x0801d238                parseEth
 .text.parseOsc
                0x0801d33c      0x1a4 project_build/src/mbng_file_c.o
                0x0801d33c                parseOsc
 .text.MBNG_FILE_C_Parser
                0x0801d4e0      0x620 project_build/src/mbng_file_c.o
                0x0801d4e0                MBNG_FILE_C_Parser
 .text.MBNG_FILE_C_Read
                0x0801db00      0x134 project_build/src/mbng_file_c.o
                0x0801db00                MBNG_FILE_C_Read
 .text.MBNG_FILE_C_Load
                0x0801dc34        0x4 project_build/src/mbng_file_c.o
                0x0801dc34                MBNG_FILE_C_Load
 .text.MBNG_FILE_C_Write
                0x0801dc38       0x84 project_build/src/mbng_file_c.o
                0x0801dc38                MBNG_FILE_C_Write
 .text.MBNG_FILE_C_Debug
                0x0801dcbc        0x6 project_build/src/mbng_file_c.o
                0x0801dcbc                MBNG_FILE_C_Debug
 .text.getQuotedString
                0x0801dcc2       0x88 project_build/src/mbng_file_l.o
 *fill*         0x0801dd4a        0x2 00
 .text.MBNG_FILE_L_Write_Hlp
                0x0801dd4c      0x208 project_build/src/mbng_file_l.o
 .text.MBNG_FILE_L_Unload
                0x0801df54       0x1c project_build/src/mbng_file_l.o
                0x0801df54                MBNG_FILE_L_Unload
 .text.MBNG_FILE_L_Init
                0x0801df70        0xa project_build/src/mbng_file_l.o
                0x0801df70                MBNG_FILE_L_Init
 *fill*         0x0801df7a        0x2 00
 .text.MBNG_FILE_L_Valid
                0x0801df7c       0x10 project_build/src/mbng_file_l.o
                0x0801df7c                MBNG_FILE_L_Valid
 .text.readBinFileMD5
                0x0801df8c       0x74 project_build/src/mbng_file_l.o
                0x0801df8c                readBinFileMD5
 .text.parseBinFile
                0x0801e000      0x14c project_build/src/mbng_file_l.o
                0x0801e000                parseBinFile
 .text.generateNglFileMD5
                0x0801e14c       0x70 project_build/src/mbng_file_l.o
                0x0801e14c                generateNglFileMD5
 .text.MBNG_FILE_L_Read
                0x0801e1bc      0x648 project_build/src/mbng_file_l.o
                0x0801e1bc                MBNG_FILE_L_Read
 .text.MBNG_FILE_L_Load
                0x0801e804        0x4 project_build/src/mbng_file_l.o
                0x0801e804                MBNG_FILE_L_Load
 .text.MBNG_FILE_L_Write
                0x0801e808       0x8c project_build/src/mbng_file_l.o
                0x0801e808                MBNG_FILE_L_Write
 .text.MBNG_FILE_L_GetLabel
                0x0801e894      0x2a4 project_build/src/mbng_file_l.o
                0x0801e894                MBNG_FILE_L_GetLabel
 .text.MBNG_FILE_S_Unload
                0x0801eb38       0x1c project_build/src/mbng_file_s.o
                0x0801eb38                MBNG_FILE_S_Unload
 .text.MBNG_FILE_S_Init
                0x0801eb54        0xa project_build/src/mbng_file_s.o
                0x0801eb54                MBNG_FILE_S_Init
 *fill*         0x0801eb5e        0x2 00
 .text.MBNG_FILE_S_Valid
                0x0801eb60       0x10 project_build/src/mbng_file_s.o
                0x0801eb60                MBNG_FILE_S_Valid
 .text.MBNG_FILE_S_SnapshotGet
                0x0801eb70        0xc project_build/src/mbng_file_s.o
                0x0801eb70                MBNG_FILE_S_SnapshotGet
 .text.MBNG_FILE_S_SnapshotSet
                0x0801eb7c       0x18 project_build/src/mbng_file_s.o
                0x0801eb7c                MBNG_FILE_S_SnapshotSet
 .text.MBNG_FILE_S_Read
                0x0801eb94      0x1e4 project_build/src/mbng_file_s.o
                0x0801eb94                MBNG_FILE_S_Read
 .text.MBNG_FILE_S_Load
                0x0801ed78        0x4 project_build/src/mbng_file_s.o
                0x0801ed78                MBNG_FILE_S_Load
 .text.MBNG_FILE_S_Write
                0x0801ed7c      0x234 project_build/src/mbng_file_s.o
                0x0801ed7c                MBNG_FILE_S_Write
 .text.ngr_strtok_r
                0x0801efb0       0x7e project_build/src/mbng_file_r.o
 .text.trim     0x0801f02e       0x36 project_build/src/mbng_file_r.o
 .text.remove_quotes
                0x0801f064       0x26 project_build/src/mbng_file_r.o
 *fill*         0x0801f08a        0x2 00
 .text.get_dec  0x0801f08c       0x20 project_build/src/mbng_file_r.o
 .text.parseId  0x0801f0ac       0x6c project_build/src/mbng_file_r.o
 .text.parseValue
                0x0801f118      0x254 project_build/src/mbng_file_r.o
 .text.MBNG_FILE_R_Unload
                0x0801f36c       0x24 project_build/src/mbng_file_r.o
                0x0801f36c                MBNG_FILE_R_Unload
 .text.MBNG_FILE_R_Init
                0x0801f390        0xa project_build/src/mbng_file_r.o
                0x0801f390                MBNG_FILE_R_Init
 *fill*         0x0801f39a        0x2 00
 .text.MBNG_FILE_R_Valid
                0x0801f39c       0x10 project_build/src/mbng_file_r.o
                0x0801f39c                MBNG_FILE_R_Valid
 .text.MBNG_FILE_R_VarSectionSet
                0x0801f3ac        0xc project_build/src/mbng_file_r.o
                0x0801f3ac                MBNG_FILE_R_VarSectionSet
 .text.MBNG_FILE_R_VarSectionGet
                0x0801f3b8        0xc project_build/src/mbng_file_r.o
                0x0801f3b8                MBNG_FILE_R_VarSectionGet
 .text.MBNG_FILE_R_VarValueSet
                0x0801f3c4        0xc project_build/src/mbng_file_r.o
                0x0801f3c4                MBNG_FILE_R_VarValueSet
 .text.MBNG_FILE_R_VarValueGet
                0x0801f3d0        0xc project_build/src/mbng_file_r.o
                0x0801f3d0                MBNG_FILE_R_VarValueGet
 .text.lineIsEmpty
                0x0801f3dc       0x1c project_build/src/mbng_file_r.o
                0x0801f3dc                lineIsEmpty
 .text.parseCondition
                0x0801f3f8      0x184 project_build/src/mbng_file_r.o
                0x0801f3f8                parseCondition
 .text.parseSend
                0x0801f57c      0x34c project_build/src/mbng_file_r.o
                0x0801f57c                parseSend
 .text.parseExecMeta
                0x0801f8c8      0x14c project_build/src/mbng_file_r.o
                0x0801f8c8                parseExecMeta
 .text.parseSet
                0x0801fa14      0x234 project_build/src/mbng_file_r.o
                0x0801fa14                parseSet
 .text.parseSetRgb
                0x0801fc48      0x1a8 project_build/src/mbng_file_r.o
                0x0801fc48                parseSetRgb
 .text.parseSetLock
                0x0801fdf0       0xe8 project_build/src/mbng_file_r.o
                0x0801fdf0                parseSetLock
 .text.parseTrigger
                0x0801fed8       0x98 project_build/src/mbng_file_r.o
                0x0801fed8                parseTrigger
 .text.parseSetActive
                0x0801ff70       0xe8 project_build/src/mbng_file_r.o
                0x0801ff70                parseSetActive
 .text.parseSetNoDump
                0x08020058       0xe8 project_build/src/mbng_file_r.o
                0x08020058                parseSetNoDump
 .text.parseSetMinMax
                0x08020140       0xf8 project_build/src/mbng_file_r.o
                0x08020140                parseSetMinMax
 .text.parseDelay
                0x08020238       0x54 project_build/src/mbng_file_r.o
                0x08020238                parseDelay
 .text.parseLoad
                0x0802028c       0x84 project_build/src/mbng_file_r.o
                0x0802028c                parseLoad
 .text.MBNG_FILE_R_Parser
                0x08020310      0x3a8 project_build/src/mbng_file_r.o
                0x08020310                MBNG_FILE_R_Parser
 .text.MBNG_FILE_R_Read
                0x080206b8      0x194 project_build/src/mbng_file_r.o
                0x080206b8                MBNG_FILE_R_Read
 .text.MBNG_FILE_R_ReadRequest
                0x0802084c       0x40 project_build/src/mbng_file_r.o
                0x0802084c                MBNG_FILE_R_ReadRequest
 .text.MBNG_FILE_R_CheckRequest
                0x0802088c       0xdc project_build/src/mbng_file_r.o
                0x0802088c                MBNG_FILE_R_CheckRequest
 .text.MBNG_FILE_R_RunStop
                0x08020968       0x2c project_build/src/mbng_file_r.o
                0x08020968                MBNG_FILE_R_RunStop
 .text.unlikely.get_dec
                0x08020994       0x1c project_build/src/terminal.o
 .text.TERMINAL_BrowserUploadCallback
                0x080209b0       0xbc project_build/src/terminal.o
 .text.unlikely.get_on_off
                0x08020a6c       0x2c project_build/src/terminal.o
 .text.TERMINAL_ParseFilebrowser
                0x08020a98       0x84 project_build/src/terminal.o
 .text.TERMINAL_Init
                0x08020b1c       0x4c project_build/src/terminal.o
                0x08020b1c                TERMINAL_Init
 .text.TERMINAL_PrintSystem
                0x08020b68       0x50 project_build/src/terminal.o
                0x08020b68                TERMINAL_PrintSystem
 .text.TERMINAL_PrintMemoryInfo
                0x08020bb8        0xe project_build/src/terminal.o
                0x08020bb8                TERMINAL_PrintMemoryInfo
 *fill*         0x08020bc6        0x2 00
 .text.TERMINAL_PrintSdCardInfo
                0x08020bc8      0x2ac project_build/src/terminal.o
                0x08020bc8                TERMINAL_PrintSdCardInfo
 .text.TERMINAL_ParseLine
                0x08020e74      0x8d0 project_build/src/terminal.o
                0x08020e74                TERMINAL_ParseLine
 .text.TERMINAL_Parse
                0x08021744       0x80 project_build/src/terminal.o
                0x08021744                TERMINAL_Parse
 .text.stringEmpty
                0x080217c4        0x6 project_build/src/scs_config.o
 .text.selectNOP
                0x080217ca        0x4 project_build/src/scs_config.o
 .text.dummyGet
                0x080217ce        0x4 project_build/src/scs_config.o
 .text.dummySet
                0x080217d2        0x2 project_build/src/scs_config.o
 .text.sysExVarDevGet
                0x080217d4        0xc project_build/src/scs_config.o
 .text.sysExVarDevSet
                0x080217e0        0xc project_build/src/scs_config.o
 .text.sysExVarPatGet
                0x080217ec        0xc project_build/src/scs_config.o
 .text.sysExVarPatSet
                0x080217f8        0xc project_build/src/scs_config.o
 .text.sysExVarBnkGet
                0x08021804        0xc project_build/src/scs_config.o
 .text.sysExVarBnkSet
                0x08021810        0xc project_build/src/scs_config.o
 .text.sysExVarInsGet
                0x0802181c        0xc project_build/src/scs_config.o
 .text.sysExVarInsSet
                0x08021828        0xc project_build/src/scs_config.o
 .text.sysExVarChnGet
                0x08021834        0xc project_build/src/scs_config.o
 .text.sysExVarChnSet
                0x08021840        0xc project_build/src/scs_config.o
 .text.routerNodeGet
                0x0802184c        0xc project_build/src/scs_config.o
 .text.routerNodeSet
                0x08021858        0xc project_build/src/scs_config.o
 .text.routerSrcChnGet
                0x08021864       0x18 project_build/src/scs_config.o
 .text.routerSrcChnSet
                0x0802187c       0x18 project_build/src/scs_config.o
 .text.routerDstChnGet
                0x08021894       0x18 project_build/src/scs_config.o
 .text.routerDstChnSet
                0x080218ac       0x18 project_build/src/scs_config.o
 .text.oscPortGet
                0x080218c4        0xc project_build/src/scs_config.o
 .text.oscPortSet
                0x080218d0        0xc project_build/src/scs_config.o
 .text.selIpParGet
                0x080218dc        0xc project_build/src/scs_config.o
 .text.selIpParSet
                0x080218e8        0xc project_build/src/scs_config.o
 .text.stringPause
                0x080218f4       0x24 project_build/src/scs_config.o
 .text.stringOnOff
                0x08021918       0x18 project_build/src/scs_config.o
 .text.stringDec5
                0x08021930       0x10 project_build/src/scs_config.o
 .text.stringOscPort
                0x08021940       0x10 project_build/src/scs_config.o
 .text.stringDecP1
                0x08021950       0x10 project_build/src/scs_config.o
 .text.stringDec
                0x08021960       0x10 project_build/src/scs_config.o
 .text.selectPause
                0x08021970        0xa project_build/src/scs_config.o
 *fill*         0x0802197a        0x2 00
 .text.stringStop
                0x0802197c       0x24 project_build/src/scs_config.o
 .text.stringPlay
                0x080219a0       0x24 project_build/src/scs_config.o
 .text.selectStop
                0x080219c4        0xa project_build/src/scs_config.o
 .text.selectPlay
                0x080219ce        0xa project_build/src/scs_config.o
 .text.mclkBpmSet
                0x080219d8       0x10 project_build/src/scs_config.o
 .text.mclkBpmGet
                0x080219e8        0xe project_build/src/scs_config.o
 .text.dhcpGet  0x080219f6        0xa project_build/src/scs_config.o
 .text.stringRouterChn
                0x08021a00       0x28 project_build/src/scs_config.o
 .text.stringIp
                0x08021a28       0x80 project_build/src/scs_config.o
 .text.selectIpEnter
                0x08021aa8       0x68 project_build/src/scs_config.o
 .text.selectIpEnter_Callback
                0x08021b10       0x20 project_build/src/scs_config.o
 .text.stringIpPar
                0x08021b30       0x44 project_build/src/scs_config.o
 .text.dhcpSet  0x08021b74        0x6 project_build/src/scs_config.o
 *fill*         0x08021b7a        0x2 00
 .text.stringOscModeFull
                0x08021b7c       0x30 project_build/src/scs_config.o
 .text.stringOscMode
                0x08021bac       0x1c project_build/src/scs_config.o
 .text.oscModeSet
                0x08021bc8       0x10 project_build/src/scs_config.o
 .text.oscModeGet
                0x08021bd8       0x14 project_build/src/scs_config.o
 .text.oscLocalPortSet
                0x08021bec       0x18 project_build/src/scs_config.o
 .text.oscLocalPortGet
                0x08021c04        0xc project_build/src/scs_config.o
 .text.oscRemotePortSet
                0x08021c10       0x18 project_build/src/scs_config.o
 .text.oscRemotePortGet
                0x08021c28        0xc project_build/src/scs_config.o
 .text.stringRemoteIp
                0x08021c34       0x4c project_build/src/scs_config.o
 .text.selectRemoteIp
                0x08021c80       0x28 project_build/src/scs_config.o
 .text.selectRemoteIp_Callback
                0x08021ca8       0x1c project_build/src/scs_config.o
 .text.selectSAVE
                0x08021cc4       0x20 project_build/src/scs_config.o
 .text.selectLOAD
                0x08021ce4       0x24 project_build/src/scs_config.o
 .text.getListLOAD_Callback
                0x08021d08       0x4c project_build/src/scs_config.o
 .text.stringOutPort
                0x08021d54       0x16 project_build/src/scs_config.o
 *fill*         0x08021d6a        0x2 00
 .text.routerDstPortSet
                0x08021d6c       0x20 project_build/src/scs_config.o
 .text.routerDstPortGet
                0x08021d8c       0x20 project_build/src/scs_config.o
 .text.stringInPort
                0x08021dac       0x16 project_build/src/scs_config.o
 *fill*         0x08021dc2        0x2 00
 .text.routerSrcPortSet
                0x08021dc4       0x1c project_build/src/scs_config.o
 .text.routerSrcPortGet
                0x08021de0       0x1c project_build/src/scs_config.o
 .text.selectSnapshotDUMP
                0x08021dfc       0x24 project_build/src/scs_config.o
 .text.snapshotGet
                0x08021e20        0xa project_build/src/scs_config.o
 .text.snapshotSet
                0x08021e2a        0x6 project_build/src/scs_config.o
 .text.runValueSet
                0x08021e30        0x6 project_build/src/scs_config.o
 .text.runValueGet
                0x08021e36        0xa project_build/src/scs_config.o
 .text.runSectionSet
                0x08021e40        0x6 project_build/src/scs_config.o
 .text.runSectionGet
                0x08021e46        0xa project_build/src/scs_config.o
 .text.buttonHook
                0x08021e50      0x160 project_build/src/scs_config.o
 .text.MSD_EnableReq
                0x08021fb0       0x30 project_build/src/scs_config.o
 .text.displayHook
                0x08021fe0      0x2f0 project_build/src/scs_config.o
 .text.selectSAVE_Callback
                0x080222d0       0x48 project_build/src/scs_config.o
 .text.selectLOAD_Callback
                0x08022318       0x4c project_build/src/scs_config.o
 .text.selectSnapshotSAVE
                0x08022364       0x58 project_build/src/scs_config.o
 .text.selectSnapshotLOAD
                0x080223bc       0x64 project_build/src/scs_config.o
 .text.selectRunScript
                0x08022420       0x80 project_build/src/scs_config.o
 .text.encHook  0x080224a0       0x9c project_build/src/scs_config.o
 .text.SCS_CONFIG_Init
                0x0802253c       0x44 project_build/src/scs_config.o
                0x0802253c                SCS_CONFIG_Init
 .text.TASK_Hooks
                0x08022580       0x48 project_build//D/D.I.Y/MIOS32/trunk/programming_models/traditional/main.o
 .text.TASK_MIDI_Hooks
                0x080225c8       0x34 project_build//D/D.I.Y/MIOS32/trunk/programming_models/traditional/main.o
 .text.startup.main
                0x080225fc       0xd0 project_build//D/D.I.Y/MIOS32/trunk/programming_models/traditional/main.o
                0x080225fc                main
 .text.vApplicationTickHook
                0x080226cc        0x4 project_build//D/D.I.Y/MIOS32/trunk/programming_models/traditional/main.o
                0x080226cc                vApplicationTickHook
 .text.vApplicationIdleHook
                0x080226d0        0x4 project_build//D/D.I.Y/MIOS32/trunk/programming_models/traditional/main.o
                0x080226d0                vApplicationIdleHook
 .text._abort   0x080226d4       0x40 project_build//D/D.I.Y/MIOS32/trunk/programming_models/traditional/main.o
                0x080226d4                _abort
 .text.HardFault_Handler_c
                0x08022714      0x148 project_build//D/D.I.Y/MIOS32/trunk/programming_models/traditional/main.o
                0x08022714                HardFault_Handler_c
 .text.HardFault_Handler
                0x0802285c       0x14 project_build//D/D.I.Y/MIOS32/trunk/programming_models/traditional/main.o
                0x0802285c                HardFault_Handler
 .text._strtol_r
                0x08022870      0x108 project_build//D/D.I.Y/MIOS32/trunk/programming_models/traditional/strtol.o
                0x08022870                _strtol_r
 .text.strtol   0x08022978       0x16 project_build//D/D.I.Y/MIOS32/trunk/programming_models/traditional/strtol.o
                0x08022978                strtol
 *fill*         0x0802298e        0x2 00
 .text.prvAddCurrentTaskToDelayedList
                0x08022990       0x50 project_build//D/D.I.Y/MIOS32/trunk/FreeRTOS/Source/tasks.o
 .text.xTaskGenericCreate
                0x080229e0      0x194 project_build//D/D.I.Y/MIOS32/trunk/FreeRTOS/Source/tasks.o
                0x080229e0                xTaskGenericCreate
 .text.vTaskStartScheduler
                0x08022b74       0x4c project_build//D/D.I.Y/MIOS32/trunk/FreeRTOS/Source/tasks.o
                0x08022b74                vTaskStartScheduler
 .text.vTaskSuspendAll
                0x08022bc0       0x10 project_build//D/D.I.Y/MIOS32/trunk/FreeRTOS/Source/tasks.o
                0x08022bc0                vTaskSuspendAll
 .text.xTaskGetTickCount
                0x08022bd0       0x18 project_build//D/D.I.Y/MIOS32/trunk/FreeRTOS/Source/tasks.o
                0x08022bd0                xTaskGetTickCount
 .text.vTaskIncrementTick
                0x08022be8       0xec project_build//D/D.I.Y/MIOS32/trunk/FreeRTOS/Source/tasks.o
                0x08022be8                vTaskIncrementTick
 .text.xTaskResumeAll
                0x08022cd4       0xc4 project_build//D/D.I.Y/MIOS32/trunk/FreeRTOS/Source/tasks.o
                0x08022cd4                xTaskResumeAll
 .text.prvIdleTask
                0x08022d98       0x68 project_build//D/D.I.Y/MIOS32/trunk/FreeRTOS/Source/tasks.o
 .text.vTaskDelayUntil
                0x08022e00       0x78 project_build//D/D.I.Y/MIOS32/trunk/FreeRTOS/Source/tasks.o
                0x08022e00                vTaskDelayUntil
 .text.vTaskSwitchContext
                0x08022e78       0x54 project_build//D/D.I.Y/MIOS32/trunk/FreeRTOS/Source/tasks.o
                0x08022e78                vTaskSwitchContext
 .text.vTaskPlaceOnEventList
                0x08022ecc       0x60 project_build//D/D.I.Y/MIOS32/trunk/FreeRTOS/Source/tasks.o
                0x08022ecc                vTaskPlaceOnEventList
 .text.xTaskRemoveFromEventList
                0x08022f2c       0x68 project_build//D/D.I.Y/MIOS32/trunk/FreeRTOS/Source/tasks.o
                0x08022f2c                xTaskRemoveFromEventList
 .text.vTaskSetTimeOutState
                0x08022f94       0x18 project_build//D/D.I.Y/MIOS32/trunk/FreeRTOS/Source/tasks.o
                0x08022f94                vTaskSetTimeOutState
 .text.xTaskCheckForTimeOut
                0x08022fac       0x54 project_build//D/D.I.Y/MIOS32/trunk/FreeRTOS/Source/tasks.o
                0x08022fac                xTaskCheckForTimeOut
 .text.vTaskMissedYield
                0x08023000        0xc project_build//D/D.I.Y/MIOS32/trunk/FreeRTOS/Source/tasks.o
                0x08023000                vTaskMissedYield
 .text.xTaskGetCurrentTaskHandle
                0x0802300c        0xc project_build//D/D.I.Y/MIOS32/trunk/FreeRTOS/Source/tasks.o
                0x0802300c                xTaskGetCurrentTaskHandle
 .text.vTaskPriorityInherit
                0x08023018       0x8c project_build//D/D.I.Y/MIOS32/trunk/FreeRTOS/Source/tasks.o
                0x08023018                vTaskPriorityInherit
 .text.vTaskPriorityDisinherit
                0x080230a4       0x6c project_build//D/D.I.Y/MIOS32/trunk/FreeRTOS/Source/tasks.o
                0x080230a4                vTaskPriorityDisinherit
 .text.vListInitialise
                0x08023110       0x16 project_build//D/D.I.Y/MIOS32/trunk/FreeRTOS/Source/list.o
                0x08023110                vListInitialise
 .text.vListInitialiseItem
                0x08023126        0x6 project_build//D/D.I.Y/MIOS32/trunk/FreeRTOS/Source/list.o
                0x08023126                vListInitialiseItem
 .text.vListInsertEnd
                0x0802312c       0x1a project_build//D/D.I.Y/MIOS32/trunk/FreeRTOS/Source/list.o
                0x0802312c                vListInsertEnd
 .text.vListInsert
                0x08023146       0x30 project_build//D/D.I.Y/MIOS32/trunk/FreeRTOS/Source/list.o
                0x08023146                vListInsert
 .text.uxListRemove
                0x08023176       0x22 project_build//D/D.I.Y/MIOS32/trunk/FreeRTOS/Source/list.o
                0x08023176                uxListRemove
 .text.prvCopyDataFromQueue
                0x08023198       0x26 project_build//D/D.I.Y/MIOS32/trunk/FreeRTOS/Source/queue.o
 .text.prvUnlockQueue
                0x080231be       0x64 project_build//D/D.I.Y/MIOS32/trunk/FreeRTOS/Source/queue.o
 .text.prvCopyDataToQueue
                0x08023222       0x58 project_build//D/D.I.Y/MIOS32/trunk/FreeRTOS/Source/queue.o
 .text.xQueueGenericSend
                0x0802327a       0xce project_build//D/D.I.Y/MIOS32/trunk/FreeRTOS/Source/queue.o
                0x0802327a                xQueueGenericSend
 .text.xQueueGiveMutexRecursive
                0x08023348       0x2a project_build//D/D.I.Y/MIOS32/trunk/FreeRTOS/Source/queue.o
                0x08023348                xQueueGiveMutexRecursive
 .text.xQueueCreateMutex
                0x08023372       0x46 project_build//D/D.I.Y/MIOS32/trunk/FreeRTOS/Source/queue.o
                0x08023372                xQueueCreateMutex
 .text.xQueueGenericReceive
                0x080233b8      0x102 project_build//D/D.I.Y/MIOS32/trunk/FreeRTOS/Source/queue.o
                0x080233b8                xQueueGenericReceive
 .text.xQueueTakeMutexRecursive
                0x080234ba       0x32 project_build//D/D.I.Y/MIOS32/trunk/FreeRTOS/Source/queue.o
                0x080234ba                xQueueTakeMutexRecursive
 .text.prvPortStartFirstTask
                0x080234ec       0x14 project_build//D/D.I.Y/MIOS32/trunk/FreeRTOS/Source/portable/GCC/ARM_CM3/port.o
 .text.pxPortInitialiseStack
                0x08023500       0x16 project_build//D/D.I.Y/MIOS32/trunk/FreeRTOS/Source/portable/GCC/ARM_CM3/port.o
                0x08023500                pxPortInitialiseStack
 *fill*         0x08023516        0x2 00
 .text.vPortSVCHandler
                0x08023518       0x20 project_build//D/D.I.Y/MIOS32/trunk/FreeRTOS/Source/portable/GCC/ARM_CM3/port.o
                0x08023518                vPortSVCHandler
 .text.vPortYieldFromISR
                0x08023538       0x10 project_build//D/D.I.Y/MIOS32/trunk/FreeRTOS/Source/portable/GCC/ARM_CM3/port.o
                0x08023538                vPortYieldFromISR
 .text.ulPortSetInterruptMask
                0x08023548       0x10 project_build//D/D.I.Y/MIOS32/trunk/FreeRTOS/Source/portable/GCC/ARM_CM3/port.o
                0x08023548                ulPortSetInterruptMask
 .text.vPortEnterCritical
                0x08023558       0x14 project_build//D/D.I.Y/MIOS32/trunk/FreeRTOS/Source/portable/GCC/ARM_CM3/port.o
                0x08023558                vPortEnterCritical
 .text.vPortClearInterruptMask
                0x0802356c        0x6 project_build//D/D.I.Y/MIOS32/trunk/FreeRTOS/Source/portable/GCC/ARM_CM3/port.o
                0x0802356c                vPortClearInterruptMask
 *fill*         0x08023572        0x2 00
 .text.vPortExitCritical
                0x08023574       0x14 project_build//D/D.I.Y/MIOS32/trunk/FreeRTOS/Source/portable/GCC/ARM_CM3/port.o
                0x08023574                vPortExitCritical
 .text.xPortPendSVHandler
                0x08023588       0x3c project_build//D/D.I.Y/MIOS32/trunk/FreeRTOS/Source/portable/GCC/ARM_CM3/port.o
                0x08023588                xPortPendSVHandler
 .text.xPortSysTickHandler
                0x080235c4       0x20 project_build//D/D.I.Y/MIOS32/trunk/FreeRTOS/Source/portable/GCC/ARM_CM3/port.o
                0x080235c4                xPortSysTickHandler
 .text.vPortSetupTimerInterrupt
                0x080235e4       0x18 project_build//D/D.I.Y/MIOS32/trunk/FreeRTOS/Source/portable/GCC/ARM_CM3/port.o
                0x080235e4                vPortSetupTimerInterrupt
 .text.xPortStartScheduler
                0x080235fc       0x30 project_build//D/D.I.Y/MIOS32/trunk/FreeRTOS/Source/portable/GCC/ARM_CM3/port.o
                0x080235fc                xPortStartScheduler
 .text.umm_disconnect_from_free_list
                0x0802362c       0x2c project_build//D/D.I.Y/MIOS32/trunk/FreeRTOS/Source/portable/MemMang/umm_malloc.o
 .text.umm_assimilate_up
                0x08023658       0x4c project_build//D/D.I.Y/MIOS32/trunk/FreeRTOS/Source/portable/MemMang/umm_malloc.o
 .text.umm_info
                0x080236a4      0x170 project_build//D/D.I.Y/MIOS32/trunk/FreeRTOS/Source/portable/MemMang/umm_malloc.o
                0x080236a4                umm_info
 .text.vPortFree
                0x08023814       0x74 project_build//D/D.I.Y/MIOS32/trunk/FreeRTOS/Source/portable/MemMang/umm_malloc.o
                0x08023814                vPortFree
 .text.pvPortMalloc
                0x08023888      0x11c project_build//D/D.I.Y/MIOS32/trunk/FreeRTOS/Source/portable/MemMang/umm_malloc.o
                0x08023888                pvPortMalloc
 .text.Default_Handler
                0x080239a4        0x2 project_build//D/D.I.Y/MIOS32/trunk/programming_models/traditional/startup_stm32f4xx.o
                0x080239a4                RTC_Alarm_IRQHandler
                0x080239a4                HASH_RNG_IRQHandler
                0x080239a4                EXTI2_IRQHandler
                0x080239a4                TIM8_CC_IRQHandler
                0x080239a4                DebugMon_Handler
                0x080239a4                TIM1_CC_IRQHandler
                0x080239a4                DMA2_Stream5_IRQHandler
                0x080239a4                DMA1_Stream5_IRQHandler
                0x080239a4                SysTick_Handler
                0x080239a4                PVD_IRQHandler
                0x080239a4                SDIO_IRQHandler
                0x080239a4                TAMP_STAMP_IRQHandler
                0x080239a4                PendSV_Handler
                0x080239a4                NMI_Handler
                0x080239a4                CAN2_RX1_IRQHandler
                0x080239a4                EXTI3_IRQHandler
                0x080239a4                TIM8_TRG_COM_TIM14_IRQHandler
                0x080239a4                TIM1_UP_TIM10_IRQHandler
                0x080239a4                TIM8_UP_TIM13_IRQHandler
                0x080239a4                I2C3_ER_IRQHandler
                0x080239a4                EXTI0_IRQHandler
                0x080239a4                CAN1_RX0_IRQHandler
                0x080239a4                FPU_IRQHandler
                0x080239a4                OTG_HS_WKUP_IRQHandler
                0x080239a4                UsageFault_Handler
                0x080239a4                CAN2_SCE_IRQHandler
                0x080239a4                SPI1_IRQHandler
                0x080239a4                TIM6_DAC_IRQHandler
                0x080239a4                TIM1_BRK_TIM9_IRQHandler
                0x080239a4                DCMI_IRQHandler
                0x080239a4                CAN2_RX0_IRQHandler
                0x080239a4                DMA2_Stream3_IRQHandler
                0x080239a4                CRYP_IRQHandler
                0x080239a4                CAN1_RX1_IRQHandler
                0x080239a4                TIM4_IRQHandler
                0x080239a4                DMA1_Stream6_IRQHandler
                0x080239a4                DMA1_Stream1_IRQHandler
                0x080239a4                UART4_IRQHandler
                0x080239a4                RCC_IRQHandler
                0x080239a4                TIM8_BRK_TIM12_IRQHandler
                0x080239a4                Default_Handler
                0x080239a4                EXTI15_10_IRQHandler
                0x080239a4                ADC_IRQHandler
                0x080239a4                DMA1_Stream7_IRQHandler
                0x080239a4                TIM7_IRQHandler
                0x080239a4                CAN2_TX_IRQHandler
                0x080239a4                DMA2_Stream7_IRQHandler
                0x080239a4                I2C3_EV_IRQHandler
                0x080239a4                EXTI9_5_IRQHandler
                0x080239a4                RTC_WKUP_IRQHandler
                0x080239a4                ETH_WKUP_IRQHandler
                0x080239a4                SPI2_IRQHandler
                0x080239a4                OTG_HS_EP1_IN_IRQHandler
                0x080239a4                MemManage_Handler
                0x080239a4                DMA1_Stream0_IRQHandler
                0x080239a4                CAN1_TX_IRQHandler
                0x080239a4                SVC_Handler
                0x080239a4                EXTI4_IRQHandler
                0x080239a4                FSMC_IRQHandler
                0x080239a4                ETH_IRQHandler
                0x080239a4                OTG_HS_EP1_OUT_IRQHandler
                0x080239a4                WWDG_IRQHandler
                0x080239a4                OTG_FS_WKUP_IRQHandler
                0x080239a4                TIM1_TRG_COM_TIM11_IRQHandler
                0x080239a4                OTG_HS_IRQHandler
                0x080239a4                EXTI1_IRQHandler
                0x080239a4                DMA2_Stream1_IRQHandler
                0x080239a4                CAN1_SCE_IRQHandler
                0x080239a4                FLASH_IRQHandler
                0x080239a4                DMA2_Stream4_IRQHandler
                0x080239a4                BusFault_Handler
                0x080239a4                SPI3_IRQHandler
                0x080239a4                DMA1_Stream4_IRQHandler
                0x080239a4                DMA2_Stream6_IRQHandler
 *fill*         0x080239a6        0x2 00
 .text.Reset_Handler
                0x080239a8       0x4c project_build//D/D.I.Y/MIOS32/trunk/programming_models/traditional/startup_stm32f4xx.o
                0x080239a8                Reset_Handler
 .text._init    0x080239f4        0x2 project_build//D/D.I.Y/MIOS32/trunk/programming_models/traditional/startup_stm32f4xx.o
                0x080239f4                _init
 *fill*         0x080239f6        0x2 00
 .text.MIOS32_SRIO_DMA_Callback
                0x080239f8       0xb0 project_build//D/D.I.Y/MIOS32/trunk/mios32/common/mios32_srio.o
 .text.MIOS32_SRIO_Init
                0x08023aa8       0xa0 project_build//D/D.I.Y/MIOS32/trunk/mios32/common/mios32_srio.o
                0x08023aa8                MIOS32_SRIO_Init
 .text.MIOS32_SRIO_ScanNumGet
                0x08023b48        0xc project_build//D/D.I.Y/MIOS32/trunk/mios32/common/mios32_srio.o
                0x08023b48                MIOS32_SRIO_ScanNumGet
 .text.MIOS32_SRIO_ScanNumSet
                0x08023b54       0x18 project_build//D/D.I.Y/MIOS32/trunk/mios32/common/mios32_srio.o
                0x08023b54                MIOS32_SRIO_ScanNumSet
 .text.MIOS32_SRIO_DoutPageGet
                0x08023b6c        0xc project_build//D/D.I.Y/MIOS32/trunk/mios32/common/mios32_srio.o
                0x08023b6c                MIOS32_SRIO_DoutPageGet
 .text.MIOS32_SRIO_DebounceGet
                0x08023b78        0xc project_build//D/D.I.Y/MIOS32/trunk/mios32/common/mios32_srio.o
                0x08023b78                MIOS32_SRIO_DebounceGet
 .text.MIOS32_SRIO_DebounceSet
                0x08023b84       0x1c project_build//D/D.I.Y/MIOS32/trunk/mios32/common/mios32_srio.o
                0x08023b84                MIOS32_SRIO_DebounceSet
 .text.MIOS32_SRIO_DebounceStart
                0x08023ba0       0x14 project_build//D/D.I.Y/MIOS32/trunk/mios32/common/mios32_srio.o
                0x08023ba0                MIOS32_SRIO_DebounceStart
 .text.MIOS32_SRIO_ScanStart
                0x08023bb4       0x98 project_build//D/D.I.Y/MIOS32/trunk/mios32/common/mios32_srio.o
                0x08023bb4                MIOS32_SRIO_ScanStart
 .text.MIOS32_DIN_Init
                0x08023c4c       0x28 project_build//D/D.I.Y/MIOS32/trunk/mios32/common/mios32_din.o
                0x08023c4c                MIOS32_DIN_Init
 .text.MIOS32_DIN_SRGet
                0x08023c74       0x1c project_build//D/D.I.Y/MIOS32/trunk/mios32/common/mios32_din.o
                0x08023c74                MIOS32_DIN_SRGet
 .text.MIOS32_DIN_SRChangedGetAndClear
                0x08023c90       0x30 project_build//D/D.I.Y/MIOS32/trunk/mios32/common/mios32_din.o
                0x08023c90                MIOS32_DIN_SRChangedGetAndClear
 .text.MIOS32_DIN_Handler
                0x08023cc0       0x64 project_build//D/D.I.Y/MIOS32/trunk/mios32/common/mios32_din.o
                0x08023cc0                MIOS32_DIN_Handler
 .text.MIOS32_DOUT_Init
                0x08023d24       0x2c project_build//D/D.I.Y/MIOS32/trunk/mios32/common/mios32_dout.o
                0x08023d24                MIOS32_DOUT_Init
 .text.MIOS32_DOUT_PinSet
                0x08023d50       0x68 project_build//D/D.I.Y/MIOS32/trunk/mios32/common/mios32_dout.o
                0x08023d50                MIOS32_DOUT_PinSet
 .text.MIOS32_DOUT_PagePinSet
                0x08023db8       0x5c project_build//D/D.I.Y/MIOS32/trunk/mios32/common/mios32_dout.o
                0x08023db8                MIOS32_DOUT_PagePinSet
 .text.MIOS32_DOUT_PageSRSet
                0x08023e14       0x3c project_build//D/D.I.Y/MIOS32/trunk/mios32/common/mios32_dout.o
                0x08023e14                MIOS32_DOUT_PageSRSet
 .text.MIOS32_ENC_Init
                0x08023e50       0x6c project_build//D/D.I.Y/MIOS32/trunk/mios32/common/mios32_enc.o
                0x08023e50                MIOS32_ENC_Init
 .text.MIOS32_ENC_ConfigSet
                0x08023ebc       0x1c project_build//D/D.I.Y/MIOS32/trunk/mios32/common/mios32_enc.o
                0x08023ebc                MIOS32_ENC_ConfigSet
 .text.MIOS32_ENC_ConfigGet
                0x08023ed8       0x28 project_build//D/D.I.Y/MIOS32/trunk/mios32/common/mios32_enc.o
                0x08023ed8                MIOS32_ENC_ConfigGet
 .text.MIOS32_ENC_StateSet
                0x08023f00       0x34 project_build//D/D.I.Y/MIOS32/trunk/mios32/common/mios32_enc.o